../Core/Src/main.c:112:13:apply_clock_mode_impl	40	static
../Core/Src/main.c:129:13:clock_output	16	static
../Core/Src/main.c:133:24:flash_write_impl	16	static
../Core/Src/main.c:136:13:flash_read_impl	16	static
../Core/Src/main.c:139:16:flash_valid_impl	16	static
../Core/Src/main.c:144:13:OnStepButton	32	static
../Core/Src/main.c:156:13:OnFunctionButton	72	static
../Core/Src/main.c:192:5:main	80	static
../Core/Src/main.c:423:6:SystemClock_Config	96	static
../Core/Src/main.c:474:13:MX_I2C1_Init	8	static
../Core/Src/main.c:522:13:MX_SPI1_Init	8	static
../Core/Src/main.c:562:13:MX_SPI2_Init	8	static
../Core/Src/main.c:602:13:MX_TIM1_Init	56	static
../Core/Src/main.c:653:13:MX_TIM2_Init	56	static
../Core/Src/main.c:702:13:MX_TIM3_Init	56	static
../Core/Src/main.c:751:13:MX_TIM6_Init	24	static
../Core/Src/main.c:789:13:MX_USART2_UART_Init	8	static
../Core/Src/main.c:824:13:MX_GPIO_Init	40	static
../Core/Src/main.c:886:2:__io_putchar	16	static
../Core/Src/main.c:896:7:HAL_GPIO_EXTI_Callback	16	static
../Core/Src/main.c:909:6:Error_Handler	4	static,ignoring_inline_asm
