Archive member included to satisfy reference by file (symbol)

C:/ST/STM32CubeIDE_2.1.0/STM32CubeIDE/plugins/com.st.stm32cube.ide.mcu.externaltools.gnu-tools-for-stm32.14.3.rel1.win32_1.0.100.202602081740/tools/bin/../lib/gcc/arm-none-eabi/14.3.1/../../../../arm-none-eabi/lib/thumb/v7e-m+fp/hard\libc_nano.a(libc_a-exit.o)
                              C:/ST/STM32CubeIDE_2.1.0/STM32CubeIDE/plugins/com.st.stm32cube.ide.mcu.externaltools.gnu-tools-for-stm32.14.3.rel1.win32_1.0.100.202602081740/tools/bin/../lib/gcc/arm-none-eabi/14.3.1/../../../../arm-none-eabi/lib/thumb/v7e-m+fp/hard/crt0.o (exit)
C:/ST/STM32CubeIDE_2.1.0/STM32CubeIDE/plugins/com.st.stm32cube.ide.mcu.externaltools.gnu-tools-for-stm32.14.3.rel1.win32_1.0.100.202602081740/tools/bin/../lib/gcc/arm-none-eabi/14.3.1/../../../../arm-none-eabi/lib/thumb/v7e-m+fp/hard\libc_nano.a(libc_a-rand.o)
                              ./Core/Src/sequencer.o (rand)
C:/ST/STM32CubeIDE_2.1.0/STM32CubeIDE/plugins/com.st.stm32cube.ide.mcu.externaltools.gnu-tools-for-stm32.14.3.rel1.win32_1.0.100.202602081740/tools/bin/../lib/gcc/arm-none-eabi/14.3.1/../../../../arm-none-eabi/lib/thumb/v7e-m+fp/hard\libc_nano.a(libc_a-findfp.o)
                              C:/ST/STM32CubeIDE_2.1.0/STM32CubeIDE/plugins/com.st.stm32cube.ide.mcu.externaltools.gnu-tools-for-stm32.14.3.rel1.win32_1.0.100.202602081740/tools/bin/../lib/gcc/arm-none-eabi/14.3.1/../../../../arm-none-eabi/lib/thumb/v7e-m+fp/hard\libc_nano.a(libc_a-exit.o) (__stdio_exit_handler)
C:/ST/STM32CubeIDE_2.1.0/STM32CubeIDE/plugins/com.st.stm32cube.ide.mcu.externaltools.gnu-tools-for-stm32.14.3.rel1.win32_1.0.100.202602081740/tools/bin/../lib/gcc/arm-none-eabi/14.3.1/../../../../arm-none-eabi/lib/thumb/v7e-m+fp/hard\libc_nano.a(libc_a-fwalk.o)
                              C:/ST/STM32CubeIDE_2.1.0/STM32CubeIDE/plugins/com.st.stm32cube.ide.mcu.externaltools.gnu-tools-for-stm32.14.3.rel1.win32_1.0.100.202602081740/tools/bin/../lib/gcc/arm-none-eabi/14.3.1/../../../../arm-none-eabi/lib/thumb/v7e-m+fp/hard\libc_nano.a(libc_a-findfp.o) (_fwalk_sglue)
C:/ST/STM32CubeIDE_2.1.0/STM32CubeIDE/plugins/com.st.stm32cube.ide.mcu.externaltools.gnu-tools-for-stm32.14.3.rel1.win32_1.0.100.202602081740/tools/bin/../lib/gcc/arm-none-eabi/14.3.1/../../../../arm-none-eabi/lib/thumb/v7e-m+fp/hard\libc_nano.a(libc_a-printf.o)
                              ./Core/Src/ui.o (printf)
C:/ST/STM32CubeIDE_2.1.0/STM32CubeIDE/plugins/com.st.stm32cube.ide.mcu.externaltools.gnu-tools-for-stm32.14.3.rel1.win32_1.0.100.202602081740/tools/bin/../lib/gcc/arm-none-eabi/14.3.1/../../../../arm-none-eabi/lib/thumb/v7e-m+fp/hard\libc_nano.a(libc_a-puts.o)
                              ./Core/Src/main.o (puts)
C:/ST/STM32CubeIDE_2.1.0/STM32CubeIDE/plugins/com.st.stm32cube.ide.mcu.externaltools.gnu-tools-for-stm32.14.3.rel1.win32_1.0.100.202602081740/tools/bin/../lib/gcc/arm-none-eabi/14.3.1/../../../../arm-none-eabi/lib/thumb/v7e-m+fp/hard\libc_nano.a(libc_a-snprintf.o)
                              ./Core/Src/ui.o (snprintf)
C:/ST/STM32CubeIDE_2.1.0/STM32CubeIDE/plugins/com.st.stm32cube.ide.mcu.externaltools.gnu-tools-for-stm32.14.3.rel1.win32_1.0.100.202602081740/tools/bin/../lib/gcc/arm-none-eabi/14.3.1/../../../../arm-none-eabi/lib/thumb/v7e-m+fp/hard\libc_nano.a(libc_a-stdio.o)
                              C:/ST/STM32CubeIDE_2.1.0/STM32CubeIDE/plugins/com.st.stm32cube.ide.mcu.externaltools.gnu-tools-for-stm32.14.3.rel1.win32_1.0.100.202602081740/tools/bin/../lib/gcc/arm-none-eabi/14.3.1/../../../../arm-none-eabi/lib/thumb/v7e-m+fp/hard\libc_nano.a(libc_a-findfp.o) (__sread)
C:/ST/STM32CubeIDE_2.1.0/STM32CubeIDE/plugins/com.st.stm32cube.ide.mcu.externaltools.gnu-tools-for-stm32.14.3.rel1.win32_1.0.100.202602081740/tools/bin/../lib/gcc/arm-none-eabi/14.3.1/../../../../arm-none-eabi/lib/thumb/v7e-m+fp/hard\libc_nano.a(libc_a-wbuf.o)
                              C:/ST/STM32CubeIDE_2.1.0/STM32CubeIDE/plugins/com.st.stm32cube.ide.mcu.externaltools.gnu-tools-for-stm32.14.3.rel1.win32_1.0.100.202602081740/tools/bin/../lib/gcc/arm-none-eabi/14.3.1/../../../../arm-none-eabi/lib/thumb/v7e-m+fp/hard\libc_nano.a(libc_a-puts.o) (__swbuf_r)
C:/ST/STM32CubeIDE_2.1.0/STM32CubeIDE/plugins/com.st.stm32cube.ide.mcu.externaltools.gnu-tools-for-stm32.14.3.rel1.win32_1.0.100.202602081740/tools/bin/../lib/gcc/arm-none-eabi/14.3.1/../../../../arm-none-eabi/lib/thumb/v7e-m+fp/hard\libc_nano.a(libc_a-wsetup.o)
                              C:/ST/STM32CubeIDE_2.1.0/STM32CubeIDE/plugins/com.st.stm32cube.ide.mcu.externaltools.gnu-tools-for-stm32.14.3.rel1.win32_1.0.100.202602081740/tools/bin/../lib/gcc/arm-none-eabi/14.3.1/../../../../arm-none-eabi/lib/thumb/v7e-m+fp/hard\libc_nano.a(libc_a-puts.o) (__swsetup_r)
C:/ST/STM32CubeIDE_2.1.0/STM32CubeIDE/plugins/com.st.stm32cube.ide.mcu.externaltools.gnu-tools-for-stm32.14.3.rel1.win32_1.0.100.202602081740/tools/bin/../lib/gcc/arm-none-eabi/14.3.1/../../../../arm-none-eabi/lib/thumb/v7e-m+fp/hard\libc_nano.a(libc_a-memset.o)
[...]
Memory Configuration

Name             Origin             Length             Attributes
RAM              0x20000000         0x00018000         xrw
RAM2             0x10000000         0x00008000         xrw
FLASH            0x08000000         0x000f8000         xr
PRESETS          0x080f8000         0x00008000         r
*default*        0x00000000         0xffffffff

Linker script and memory map

LOAD C:/ST/STM32CubeIDE_2.1.0/STM32CubeIDE/plugins/com.st.stm32cube.ide.mcu.externaltools.gnu-tools-for-stm32.14.3.rel1.win32_1.0.100.202602081740/tools/bin/../lib/gcc/arm-none-eabi/14.3.1/thumb/v7e-m+fp/hard/crti.o
LOAD C:/ST/STM32CubeIDE_2.1.0/STM32CubeIDE/plugins/com.st.stm32cube.ide.mcu.externaltools.gnu-tools-for-stm32.14.3.rel1.win32_1.0.100.202602081740/tools/bin/../lib/gcc/arm-none-eabi/14.3.1/thumb/v7e-m+fp/hard/crtbegin.o
LOAD C:/ST/STM32CubeIDE_2.1.0/STM32CubeIDE/plugins/com.st.stm32cube.ide.mcu.externaltools.gnu-tools-for-stm32.14.3.rel1.win32_1.0.100.202602081740/tools/bin/../lib/gcc/arm-none-eabi/14.3.1/../../../../arm-none-eabi/lib/thumb/v7e-m+fp/hard/crt0.o
LOAD ./Core/Src/74HC595.o
LOAD ./Core/Src/Encoder.o
LOAD ./Core/Src/MAX7219.o
LOAD ./Core/Src/MCP23017.o
LOAD ./Core/Src/SSD1306.o
LOAD ./Core/Src/flash.o
LOAD ./Core/Src/main.o
LOAD ./Core/Src/sequencer.o
LOAD ./Core/Src/stm32l4xx_hal_msp.o
LOAD ./Core/Src/stm32l4xx_it.o
LOAD ./Core/Src/syscalls.o
LOAD ./Core/Src/sysmem.o
LOAD ./Core/Src/system_stm32l4xx.o
LOAD ./Core/Src/ui.o
LOAD ./Core/Startup/startup_stm32l476rgtx.o
LOAD ./Drivers/STM32L4xx_HAL_Driver/Src/stm32l4xx_hal.o
LOAD ./Drivers/STM32L4xx_HAL_Driver/Src/stm32l4xx_hal_cortex.o
LOAD ./Drivers/STM32L4xx_HAL_Driver/Src/stm32l4xx_hal_dma.o
LOAD ./Drivers/STM32L4xx_HAL_Driver/Src/stm32l4xx_hal_dma_ex.o
LOAD ./Drivers/STM32L4xx_HAL_Driver/Src/stm32l4xx_hal_exti.o
LOAD ./Drivers/STM32L4xx_HAL_Driver/Src/stm32l4xx_hal_flash.o
LOAD ./Drivers/STM32L4xx_HAL_Driver/Src/stm32l4xx_hal_flash_ex.o
LOAD ./Drivers/STM32L4xx_HAL_Driver/Src/stm32l4xx_hal_flash_ramfunc.o
LOAD ./Drivers/STM32L4xx_HAL_Driver/Src/stm32l4xx_hal_gpio.o
LOAD ./Drivers/STM32L4xx_HAL_Driver/Src/stm32l4xx_hal_i2c.o
LOAD ./Drivers/STM32L4xx_HAL_Driver/Src/stm32l4xx_hal_i2c_ex.o
LOAD ./Drivers/STM32L4xx_HAL_Driver/Src/stm32l4xx_hal_pwr.o
LOAD ./Drivers/STM32L4xx_HAL_Driver/Src/stm32l4xx_hal_pwr_ex.o
LOAD ./Drivers/STM32L4xx_HAL_Driver/Src/stm32l4xx_hal_rcc.o
LOAD ./Drivers/STM32L4xx_HAL_Driver/Src/stm32l4xx_hal_rcc_ex.o
LOAD ./Drivers/STM32L4xx_HAL_Driver/Src/stm32l4xx_hal_spi.o
LOAD ./Drivers/STM32L4xx_HAL_Driver/Src/stm32l4xx_hal_spi_ex.o
LOAD ./Drivers/STM32L4xx_HAL_Driver/Src/stm32l4xx_hal_tim.o
LOAD ./Drivers/STM32L4xx_HAL_Driver/Src/stm32l4xx_hal_tim_ex.o
LOAD ./Drivers/STM32L4xx_HAL_Driver/Src/stm32l4xx_hal_uart.o
LOAD ./Drivers/STM32L4xx_HAL_Driver/Src/stm32l4xx_hal_uart_ex.o
START GROUP
LOAD C:/ST/STM32CubeIDE_2.1.0/STM32CubeIDE/plugins/com.st.stm32cube.ide.mcu.externaltools.gnu-tools-for-stm32.14.3.rel1.win32_1.0.100.202602081740/tools/bin/../lib/gcc/arm-none-eabi/14.3.1/../../../../arm-none-eabi/lib/thumb/v7e-m+fp/hard\libc_nano.a
LOAD C:/ST/STM32CubeIDE_2.1.0/STM32CubeIDE/plugins/com.st.stm32cube.ide.mcu.externaltools.gnu-tools-for-stm32.14.3.rel1.win32_1.0.100.202602081740/tools/bin/../lib/gcc/arm-none-eabi/14.3.1/../../../../arm-none-eabi/lib/thumb/v7e-m+fp/hard\libm.a
END GROUP
START GROUP
LOAD C:/ST/STM32CubeIDE_2.1.0/STM32CubeIDE/plugins/com.st.stm32cube.ide.mcu.externaltools.gnu-tools-for-stm32.14.3.rel1.win32_1.0.100.202602081740/tools/bin/../lib/gcc/arm-none-eabi/14.3.1/thumb/v7e-m+fp/hard\libgcc.a
LOAD C:/ST/STM32CubeIDE_2.1.0/STM32CubeIDE/plugins/com.st.stm32cube.ide.mcu.externaltools.gnu-tools-for-stm32.14.3.rel1.win32_1.0.100.202602081740/tools/bin/../lib/gcc/arm-none-eabi/14.3.1/../../../../arm-none-eabi/lib/thumb/v7e-m+fp/hard\libc_nano.a
END GROUP
START GROUP
LOAD C:/ST/STM32CubeIDE_2.1.0/STM32CubeIDE/plugins/com.st.stm32cube.ide.mcu.externaltools.gnu-tools-for-stm32.14.3.rel1.win32_1.0.100.202602081740/tools/bin/../lib/gcc/arm-none-eabi/14.3.1/thumb/v7e-m+fp/hard\libgcc.a
LOAD C:/ST/STM32CubeIDE_2.1.0/STM32CubeIDE/plugins/com.st.stm32cube.ide.mcu.externaltools.gnu-tools-for-stm32.14.3.rel1.win32_1.0.100.202602081740/tools/bin/../lib/gcc/arm-none-eabi/14.3.1/../../../../arm-none-eabi/lib/thumb/v7e-m+fp/hard\libc_nano.a
LOAD C:/ST/STM32CubeIDE_2.1.0/STM32CubeIDE/plugins/com.st.stm32cube.ide.mcu.externaltools.gnu-tools-for-stm32.14.3.rel1.win32_1.0.100.202602081740/tools/bin/../lib/gcc/arm-none-eabi/14.3.1/../../../../arm-none-eabi/lib/thumb/v7e-m+fp/hard\libnosys.a
END GROUP
START GROUP
LOAD C:/ST/STM32CubeIDE_2.1.0/STM32CubeIDE/plugins/com.st.stm32cube.ide.mcu.externaltools.gnu-tools-for-stm32.14.3.rel1.win32_1.0.100.202602081740/tools/bin/../lib/gcc/arm-none-eabi/14.3.1/thumb/v7e-m+fp/hard\libgcc.a
LOAD C:/ST/STM32CubeIDE_2.1.0/STM32CubeIDE/plugins/com.st.stm32cube.ide.mcu.externaltools.gnu-tools-for-stm32.14.3.rel1.win32_1.0.100.202602081740/tools/bin/../lib/gcc/arm-none-eabi/14.3.1/../../../../arm-none-eabi/lib/thumb/v7e-m+fp/hard\libc_nano.a
LOAD C:/ST/STM32CubeIDE_2.1.0/STM32CubeIDE/plugins/com.st.stm32cube.ide.mcu.externaltools.gnu-tools-for-stm32.14.3.rel1.win32_1.0.100.202602081740/tools/bin/../lib/gcc/arm-none-eabi/14.3.1/../../../../arm-none-eabi/lib/thumb/v7e-m+fp/hard\libnosys.a
END GROUP
LOAD C:/ST/STM32CubeIDE_2.1.0/STM32CubeIDE/plugins/com.st.stm32cube.ide.mcu.externaltools.gnu-tools-for-stm32.14.3.rel1.win32_1.0.100.202602081740/tools/bin/../lib/gcc/arm-none-eabi/14.3.1/thumb/v7e-m+fp/hard/crtend.o
LOAD C:/ST/STM32CubeIDE_2.1.0/STM32CubeIDE/plugins/com.st.stm32cube.ide.mcu.externaltools.gnu-tools-for-stm32.14.3.rel1.win32_1.0.100.202602081740/tools/bin/../lib/gcc/arm-none-eabi/14.3.1/thumb/v7e-m+fp/hard/crtn.o
                0x20018000                        _estack = (ORIGIN (RAM) + LENGTH (RAM))
                0x00000200                        _Min_Heap_Size = 0x200
                0x00000400                        _Min_Stack_Size = 0x400

.isr_vector     0x08000000      0x188
                0x08000000                        . = ALIGN (0x4)
 *(.isr_vector)
 .isr_vector    0x08000000      0x188 ./Core/Startup/startup_stm32l476rgtx.o
                0x08000000                g_pfnVectors
                0x08000188                        . = ALIGN (0x4)

.text           0x08000190     0xb8e0
                0x08000190                        . = ALIGN (0x4)
 *(.text)
 .text          0x08000190       0x40 C:/ST/STM32CubeIDE_2.1.0/STM32CubeIDE/plugins/com.st.stm32cube.ide.mcu.externaltools.gnu-tools-for-stm32.14.3.rel1.win32_1.0.100.202602081740/tools/bin/../lib/gcc/arm-none-eabi/14.3.1/thumb/v7e-m+fp/hard/crtbegin.o
 .text          0x080001d0       0xa0 C:/ST/STM32CubeIDE_2.1.0/STM32CubeIDE/plugins/com.st.stm32cube.ide.mcu.externaltools.gnu-tools-for-stm32.14.3.rel1.win32_1.0.100.202602081740/tools/bin/../lib/gcc/arm-none-eabi/14.3.1/../../../../arm-none-eabi/lib/thumb/v7e-m+fp/hard\libc_nano.a(libc_a-memchr.o)
                0x080001d0                memchr
 .text          0x08000270       0x30 C:/ST/STM32CubeIDE_2.1.0/STM32CubeIDE/plugins/com.st.stm32cube.ide.mcu.externaltools.gnu-tools-for-stm32.14.3.rel1.win32_1.0.100.202602081740/tools/bin/../lib/gcc/arm-none-eabi/14.3.1/thumb/v7e-m+fp/hard\libgcc.a(_aeabi_uldivmod.o)
                0x08000270                __aeabi_uldivmod
 .text          0x080002a0      0x2f8 C:/ST/STM32CubeIDE_2.1.0/STM32CubeIDE/plugins/com.st.stm32cube.ide.mcu.externaltools.gnu-tools-for-stm32.14.3.rel1.win32_1.0.100.202602081740/tools/bin/../lib/gcc/arm-none-eabi/14.3.1/thumb/v7e-m+fp/hard\libgcc.a(_udivmoddi4.o)
                0x080002a0                __udivmoddi4
 .text          0x08000598        0x4 C:/ST/STM32CubeIDE_2.1.0/STM32CubeIDE/plugins/com.st.stm32cube.ide.mcu.externaltools.gnu-tools-for-stm32.14.3.rel1.win32_1.0.100.202602081740/tools/bin/../lib/gcc/arm-none-eabi/14.3.1/thumb/v7e-m+fp/hard\libgcc.a(_dvmd_tls.o)
                0x08000598                __aeabi_idiv0
                0x08000598                __aeabi_ldiv0
 *(.text*)
 .text.HC595_latch
                0x0800059c       0x24 ./Core/Src/74HC595.o
 .text.HC595_init
                0x080005c0       0x20 ./Core/Src/74HC595.o
                0x080005c0                HC595_init
 .text.HC595_write
                0x080005e0       0x6c ./Core/Src/74HC595.o
                0x080005e0                HC595_write
 .text.HC595_clear
                0x0800064c       0x36 ./Core/Src/74HC595.o
                0x0800064c                HC595_clear
 *fill*         0x08000682        0x2 
 .text.HC595_getShadow
                0x08000684       0x24 ./Core/Src/74HC595.o
                0x08000684                HC595_getShadow
 .text.Encoder_Add
                0x080006a8       0x6c ./Core/Src/Encoder.o
                0x080006a8                Encoder_Add
 .text.Encoder_Start
                0x08000714       0x1e ./Core/Src/Encoder.o
                0x08000714                Encoder_Start
 .text.Encoder_HasChanged
                0x08000732       0x1a ./Core/Src/Encoder.o
                0x08000732                Encoder_HasChanged
 .text.Encoder_GetCount
                0x0800074c       0x28 ./Core/Src/Encoder.o
                0x0800074c                Encoder_GetCount
 .text.HAL_TIM_IC_CaptureCallback
                0x08000774       0xac ./Core/Src/Encoder.o
                0x08000774                HAL_TIM_IC_CaptureCallback
 .text.CS_Low   0x08000820       0x34 ./Core/Src/MAX7219.o
 .text.CS_High  0x08000854       0x34 ./Core/Src/MAX7219.o
 .text._sendChain
                0x08000888       0x94 ./Core/Src/MAX7219.o
 .text._sendChainSame
                0x0800091c       0x46 ./Core/Src/MAX7219.o
 .text.MAX7219_init
                0x08000962       0xfe ./Core/Src/MAX7219.o
                0x08000962                MAX7219_init
 .text.MAX7219_setPixel
                0x08000a60       0xdc ./Core/Src/MAX7219.o
                0x08000a60                MAX7219_setPixel
 .text.MAX7219_flushRow
                0x08000b3c       0x70 ./Core/Src/MAX7219.o
                0x08000b3c                MAX7219_flushRow
 .text.MAX7219_flushChain
                0x08000bac       0x38 ./Core/Src/MAX7219.o
                0x08000bac                MAX7219_flushChain
 .text.MAX7219_flushAll
                0x08000be4       0x2a ./Core/Src/MAX7219.o
                0x08000be4                MAX7219_flushAll
 *fill*         0x08000c0e        0x2 
 .text.MAX7219_clearBuffer
                0x08000c10       0x18 ./Core/Src/MAX7219.o
                0x08000c10                MAX7219_clearBuffer
 .text.PortToGPIOReg
                0x08000c28       0x22 ./Core/Src/MCP23017.o
 .text.ProcessPortChange
                0x08000c4a       0xd2 ./Core/Src/MCP23017.o
 .text.WriteReg_H
                0x08000d1c       0x3c ./Core/Src/MCP23017.o
 .text.ReadReg_H
                0x08000d58       0x58 ./Core/Src/MCP23017.o
 .text.MCP23017_InitHandle
                0x08000db0       0xbe ./Core/Src/MCP23017.o
                0x08000db0                MCP23017_InitHandle
 .text.MCP23017_ReadPort
                0x08000e6e       0x5a ./Core/Src/MCP23017.o
                0x08000e6e                MCP23017_ReadPort
 .text.MCP23017_Poll
                0x08000ec8       0x34 ./Core/Src/MCP23017.o
                0x08000ec8                MCP23017_Poll
 .text.MCP23017_SetPinMode
                0x08000efc      0x1e8 ./Core/Src/MCP23017.o
                0x08000efc                MCP23017_SetPinMode
 .text.MCP23017_SetPinCallback
                0x080010e4       0x3e ./Core/Src/MCP23017.o
                0x080010e4                MCP23017_SetPinCallback
 *fill*         0x08001122        0x2 
 .text._cmd     0x08001124       0x34 ./Core/Src/SSD1306.o
 .text.SSD1306_Init
                0x08001158       0xc0 ./Core/Src/SSD1306.o
                0x08001158                SSD1306_Init
 .text.SSD1306_Fill
                0x08001218       0x30 ./Core/Src/SSD1306.o
                0x08001218                SSD1306_Fill
 .text.SSD1306_Update
                0x08001248       0x74 ./Core/Src/SSD1306.o
                0x08001248                SSD1306_Update
 .text.SSD1306_DrawPixel
                0x080012bc       0xb0 ./Core/Src/SSD1306.o
                0x080012bc                SSD1306_DrawPixel
 .text.SSD1306_DrawHLine
                0x0800136c       0x5c ./Core/Src/SSD1306.o
                0x0800136c                SSD1306_DrawHLine
 .text.SSD1306_DrawChar
                0x080013c8       0xd8 ./Core/Src/SSD1306.o
                0x080013c8                SSD1306_DrawChar
 .text.SSD1306_DrawString
                0x080014a0       0x6e ./Core/Src/SSD1306.o
                0x080014a0                SSD1306_DrawString
 *fill*         0x0800150e        0x2 
 .text.Flash_SlotValid
                0x08001510       0x38 ./Core/Src/flash.o
                0x08001510                Flash_SlotValid
 .text.Flash_WritePreset
                0x08001548       0xd6 ./Core/Src/flash.o
                0x08001548                Flash_WritePreset
 .text.Flash_ReadPreset
                0x0800161e       0x2a ./Core/Src/flash.o
                0x0800161e                Flash_ReadPreset
 .text.apply_clock_mode_impl
                0x08001648       0x60 ./Core/Src/main.o
 .text.clock_output
                0x080016a8       0x20 ./Core/Src/main.o
 .text.flash_write_impl
                0x080016c8       0x2a ./Core/Src/main.o
 .text.flash_read_impl
                0x080016f2       0x1e ./Core/Src/main.o
 .text.flash_valid_impl
                0x08001710       0x1c ./Core/Src/main.o
 .text.OnStepButton
                0x0800172c       0x52 ./Core/Src/main.o
 *fill*         0x0800177e        0x2 
 .text.OnFunctionButton
                0x08001780      0x154 ./Core/Src/main.o
 .text.main     0x080018d4      0x524 ./Core/Src/main.o
                0x080018d4                main
 .text.SystemClock_Config
                0x08001df8       0xa4 ./Core/Src/main.o
                0x08001df8                SystemClock_Config
 .text.MX_I2C1_Init
                0x08001e9c       0x80 ./Core/Src/main.o
 .text.MX_SPI1_Init
                0x08001f1c       0x7c ./Core/Src/main.o
 .text.MX_SPI2_Init
                0x08001f98       0x7c ./Core/Src/main.o
 .text.MX_TIM1_Init
                0x08002014       0xb4 ./Core/Src/main.o
 .text.MX_TIM2_Init
                0x080020c8       0xa8 ./Core/Src/main.o
 .text.MX_TIM3_Init
                0x08002170       0xac ./Core/Src/main.o
 .text.MX_TIM6_Init
                0x0800221c       0x6c ./Core/Src/main.o
 .text.MX_USART2_UART_Init
                0x08002288       0x60 ./Core/Src/main.o
 .text.MX_GPIO_Init
                0x080022e8      0x11c ./Core/Src/main.o
 .text.__io_putchar
                0x08002404       0x24 ./Core/Src/main.o
                0x08002404                __io_putchar
 .text.HAL_GPIO_EXTI_Callback
                0x08002428       0x28 ./Core/Src/main.o
                0x08002428                HAL_GPIO_EXTI_Callback
 .text.Error_Handler
                0x08002450        0xc ./Core/Src/main.o
                0x08002450                Error_Handler
 .text.Seq_Init
                0x0800245c      0x290 ./Core/Src/sequencer.o
                0x0800245c                Seq_Init
 .text.Seq_SelectChannel
                0x080026ec       0x70 ./Core/Src/sequencer.o
                0x080026ec                Seq_SelectChannel
 .text.Seq_SetLength
                0x0800275c       0xb8 ./Core/Src/sequencer.o
                0x0800275c                Seq_SetLength
 .text.Seq_GetLength
                0x08002814       0x48 ./Core/Src/sequencer.o
                0x08002814                Seq_GetLength
 .text.Seq_SetGlobalBPM
                0x0800285c       0x9c ./Core/Src/sequencer.o
                0x0800285c                Seq_SetGlobalBPM
 .text.Seq_GetGlobalBPM
                0x080028f8       0x26 ./Core/Src/sequencer.o
                0x080028f8                Seq_GetGlobalBPM
 .text.Seq_SetChannelBPM
                0x0800291e      0x126 ./Core/Src/sequencer.o
                0x0800291e                Seq_SetChannelBPM
 .text.Seq_GetChannelBPM
                0x08002a44       0x46 ./Core/Src/sequencer.o
                0x08002a44                Seq_GetChannelBPM
 .text.Seq_SetViewOffset
                0x08002a8a       0x78 ./Core/Src/sequencer.o
                0x08002a8a                Seq_SetViewOffset
 .text.Seq_ToggleSolo
                0x08002b02       0x52 ./Core/Src/sequencer.o
                0x08002b02                Seq_ToggleSolo
 .text.Seq_IsChannelActive
                0x08002b54       0x5c ./Core/Src/sequencer.o
                0x08002b54                Seq_IsChannelActive
 .text.Seq_UpdateGateOutputs
                0x08002bb0      0x190 ./Core/Src/sequencer.o
                0x08002bb0                Seq_UpdateGateOutputs
 .text.Seq_UpdateRoll
                0x08002d40       0xe4 ./Core/Src/sequencer.o
                0x08002d40                Seq_UpdateRoll
 .text.Seq_SetStep
                0x08002e24       0x6c ./Core/Src/sequencer.o
                0x08002e24                Seq_SetStep
 .text.Seq_ToggleStep
                0x08002e90       0xd0 ./Core/Src/sequencer.o
                0x08002e90                Seq_ToggleStep
 .text.Seq_GetStep
                0x08002f60       0x92 ./Core/Src/sequencer.o
                0x08002f60                Seq_GetStep
 *fill*         0x08002ff2        0x2 
 .text.Seq_AdvanceChannel
                0x08002ff4      0x210 ./Core/Src/sequencer.o
                0x08002ff4                Seq_AdvanceChannel
 .text.Seq_AdvanceAll
                0x08003204      0x11a ./Core/Src/sequencer.o
                0x08003204                Seq_AdvanceAll
 .text.Seq_TriggerGate
                0x0800331e       0x4c ./Core/Src/sequencer.o
                0x0800331e                Seq_TriggerGate
 .text.Seq_InitPending
                0x0800336a       0x60 ./Core/Src/sequencer.o
                0x0800336a                Seq_InitPending
 .text.Seq_CommitPending
                0x080033ca       0x6c ./Core/Src/sequencer.o
                0x080033ca                Seq_CommitPending
 .text.Seq_CommitPendingAll
                0x08003436       0x2e ./Core/Src/sequencer.o
                0x08003436                Seq_CommitPendingAll
 .text.Seq_ClearChannel
                0x08003464       0x48 ./Core/Src/sequencer.o
                0x08003464                Seq_ClearChannel
 .text.Seq_ClearAllChannels
                0x080034ac       0x2e ./Core/Src/sequencer.o
                0x080034ac                Seq_ClearAllChannels
 .text.Seq_ResetChannel
                0x080034da       0x56 ./Core/Src/sequencer.o
                0x080034da                Seq_ResetChannel
 .text.Seq_ResetAllChannels
                0x08003530       0x2e ./Core/Src/sequencer.o
                0x08003530                Seq_ResetAllChannels
 .text.Seq_MuteChannel
                0x0800355e       0x36 ./Core/Src/sequencer.o
                0x0800355e                Seq_MuteChannel
 .text.Seq_MuteAllChannels
                0x08003594       0x54 ./Core/Src/sequencer.o
                0x08003594                Seq_MuteAllChannels
 .text.Seq_GetRatchet
                0x080035e8       0x56 ./Core/Src/sequencer.o
                0x080035e8                Seq_GetRatchet
 .text.Seq_SetRatchet
                0x0800363e       0x6a ./Core/Src/sequencer.o
                0x0800363e                Seq_SetRatchet
 .text.Seq_SaveToPreset
                0x080036a8      0x118 ./Core/Src/sequencer.o
                0x080036a8                Seq_SaveToPreset
 .text.Seq_LoadFromPreset
                0x080037c0      0x13c ./Core/Src/sequencer.o
                0x080037c0                Seq_LoadFromPreset
 .text.Seq_HalfPeriodMs
                0x080038fc       0x3c ./Core/Src/sequencer.o
                0x080038fc                Seq_HalfPeriodMs
 .text.Seq_TickClock
                0x08003938       0xc2 ./Core/Src/sequencer.o
                0x08003938                Seq_TickClock
 .text.Seq_NextTickMs
                0x080039fa       0x5a ./Core/Src/sequencer.o
                0x080039fa                Seq_NextTickMs
 .text.Seq_ResetChannelSettings
                0x08003a54       0x6a ./Core/Src/sequencer.o
                0x08003a54                Seq_ResetChannelSettings
 .text.Seq_ResetAllChannelSettings
                0x08003abe       0x2e ./Core/Src/sequencer.o
                0x08003abe                Seq_ResetAllChannelSettings
 .text.HAL_MspInit
                0x08003aec       0x48 ./Core/Src/stm32l4xx_hal_msp.o
                0x08003aec                HAL_MspInit
 .text.HAL_I2C_MspInit
                0x08003b34       0xbc ./Core/Src/stm32l4xx_hal_msp.o
                0x08003b34                HAL_I2C_MspInit
 .text.HAL_SPI_MspInit
                0x08003bf0      0x128 ./Core/Src/stm32l4xx_hal_msp.o
                0x08003bf0                HAL_SPI_MspInit
 .text.HAL_TIM_Encoder_MspInit
                0x08003d18      0x17c ./Core/Src/stm32l4xx_hal_msp.o
                0x08003d18                HAL_TIM_Encoder_MspInit
 .text.HAL_TIM_Base_MspInit
                0x08003e94       0x40 ./Core/Src/stm32l4xx_hal_msp.o
                0x08003e94                HAL_TIM_Base_MspInit
 .text.HAL_UART_MspInit
                0x08003ed4       0xb8 ./Core/Src/stm32l4xx_hal_msp.o
                0x08003ed4                HAL_UART_MspInit
 .text.NMI_Handler
                0x08003f8c        0x8 ./Core/Src/stm32l4xx_it.o
                0x08003f8c                NMI_Handler
 .text.HardFault_Handler
                0x08003f94        0x8 ./Core/Src/stm32l4xx_it.o
                0x08003f94                HardFault_Handler
 .text.MemManage_Handler
                0x08003f9c        0x8 ./Core/Src/stm32l4xx_it.o
                0x08003f9c                MemManage_Handler
 .text.BusFault_Handler
                0x08003fa4        0x8 ./Core/Src/stm32l4xx_it.o
                0x08003fa4                BusFault_Handler
 .text.UsageFault_Handler
                0x08003fac        0x8 ./Core/Src/stm32l4xx_it.o
                0x08003fac                UsageFault_Handler
 .text.SVC_Handler
                0x08003fb4        0xe ./Core/Src/stm32l4xx_it.o
                0x08003fb4                SVC_Handler
 .text.DebugMon_Handler
                0x08003fc2        0xe ./Core/Src/stm32l4xx_it.o
                0x08003fc2                DebugMon_Handler
 .text.PendSV_Handler
                0x08003fd0        0xe ./Core/Src/stm32l4xx_it.o
                0x08003fd0                PendSV_Handler
 .text.SysTick_Handler
                0x08003fde        0xc ./Core/Src/stm32l4xx_it.o
                0x08003fde                SysTick_Handler
 .text.EXTI0_IRQHandler
                0x08003fea        0xe ./Core/Src/stm32l4xx_it.o
                0x08003fea                EXTI0_IRQHandler
 .text.EXTI9_5_IRQHandler
                0x08003ff8       0x18 ./Core/Src/stm32l4xx_it.o
                0x08003ff8                EXTI9_5_IRQHandler
 .text.TIM1_CC_IRQHandler
                0x08004010       0x14 ./Core/Src/stm32l4xx_it.o
                0x08004010                TIM1_CC_IRQHandler
 .text.TIM2_IRQHandler
                0x08004024       0x14 ./Core/Src/stm32l4xx_it.o
                0x08004024                TIM2_IRQHandler
 .text.TIM3_IRQHandler
                0x08004038       0x14 ./Core/Src/stm32l4xx_it.o
                0x08004038                TIM3_IRQHandler
 .text._getpid  0x0800404c       0x10 ./Core/Src/syscalls.o
                0x0800404c                _getpid
 .text._kill    0x0800405c       0x20 ./Core/Src/syscalls.o
                0x0800405c                _kill
 .text._exit    0x0800407c       0x16 ./Core/Src/syscalls.o
                0x0800407c                _exit
 .text._read    0x08004092       0x3a ./Core/Src/syscalls.o
                0x08004092                _read
 .text._write   0x080040cc       0x38 ./Core/Src/syscalls.o
                0x080040cc                _write
 .text._close   0x08004104       0x18 ./Core/Src/syscalls.o
                0x08004104                _close
 .text._fstat   0x0800411c       0x20 ./Core/Src/syscalls.o
                0x0800411c                _fstat
 .text._isatty  0x0800413c       0x16 ./Core/Src/syscalls.o
                0x0800413c                _isatty
 .text._lseek   0x08004152       0x1a ./Core/Src/syscalls.o
                0x08004152                _lseek
 .text._sbrk    0x0800416c       0x6c ./Core/Src/sysmem.o
                0x0800416c                _sbrk
 .text.SystemInit
                0x080041d8       0x24 ./Core/Src/system_stm32l4xx.o
                0x080041d8                SystemInit
 .text.UI_Init  0x080041fc       0x58 ./Core/Src/ui.o
                0x080041fc                UI_Init
 .text.UIQueue_Push
                0x08004254       0x60 ./Core/Src/ui.o
                0x08004254                UIQueue_Push
 .text.UIQueue_Pop
                0x080042b4       0x60 ./Core/Src/ui.o
                0x080042b4                UIQueue_Pop
 .text.dispatch_enc_a_turn
                0x08004314      0x154 ./Core/Src/ui.o
 .text.dispatch_enc_b_turn
                0x08004468      0x298 ./Core/Src/ui.o
 .text.dispatch_enc_c_turn
                0x08004700      0x120 ./Core/Src/ui.o
 .text.dispatch_enc_a_push
                0x08004820       0xd0 ./Core/Src/ui.o
 .text.dispatch_enc_b_push
                0x080048f0       0xe0 ./Core/Src/ui.o
 .text.dispatch_enc_c_push
                0x080049d0      0x280 ./Core/Src/ui.o
 .text.dispatch_step_press
                0x08004c50      0x1ec ./Core/Src/ui.o
 .text.dispatch_step_release
                0x08004e3c       0x78 ./Core/Src/ui.o
 .text.dispatch_fill_press
                0x08004eb4      0x110 ./Core/Src/ui.o
 .text.dispatch_fill_release
                0x08004fc4       0x1e ./Core/Src/ui.o
 *fill*         0x08004fe2        0x2 
 .text.dispatch_record_press
                0x08004fe4      0x1cc ./Core/Src/ui.o
 .text.SaveLoad_CursorLabel
                0x080051b0       0xa8 ./Core/Src/ui.o
 .text.UI_Dispatch
                0x08005258      0x144 ./Core/Src/ui.o
                0x08005258                UI_Dispatch
 .text.UI_UpdateDisplay
                0x0800539c      0x3e4 ./Core/Src/ui.o
                0x0800539c                UI_UpdateDisplay
 .text.Matrix_Build
                0x08005780      0x260 ./Core/Src/ui.o
 .text.UI_UpdateMatrix
                0x080059e0       0x98 ./Core/Src/ui.o
                0x080059e0                UI_UpdateMatrix
 .text.UI_UpdateStepLEDs
                0x08005a78      0x176 ./Core/Src/ui.o
                0x08005a78                UI_UpdateStepLEDs
 *fill*         0x08005bee        0x2 
 .text.Reset_Handler
                0x08005bf0       0x50 ./Core/Startup/startup_stm32l476rgtx.o
                0x08005bf0                Reset_Handler
 .text.Default_Handler
                0x08005c40        0x2 ./Core/Startup/startup_stm32l476rgtx.o
                0x08005c40                RTC_Alarm_IRQHandler
                0x08005c40                EXTI2_IRQHandler
                0x08005c40                TIM8_TRG_COM_IRQHandler
                0x08005c40                TIM8_CC_IRQHandler
                0x08005c40                TSC_IRQHandler
                0x08005c40                TAMP_STAMP_IRQHandler
                0x08005c40                EXTI3_IRQHandler
                0x08005c40                LPTIM2_IRQHandler
                0x08005c40                DFSDM1_FLT1_IRQHandler
                0x08005c40                I2C3_ER_IRQHandler
                0x08005c40                DFSDM1_FLT2_IRQHandler
                0x08005c40                I2C2_EV_IRQHandler
                0x08005c40                CAN1_RX0_IRQHandler
                0x08005c40                FPU_IRQHandler
                0x08005c40                TIM1_UP_TIM16_IRQHandler
                0x08005c40                ADC1_2_IRQHandler
                0x08005c40                SPI1_IRQHandler
                0x08005c40                TIM6_DAC_IRQHandler
                0x08005c40                TIM8_UP_IRQHandler
                0x08005c40                DMA2_Channel2_IRQHandler
                0x08005c40                DMA1_Channel4_IRQHandler
                0x08005c40                SAI2_IRQHandler
                0x08005c40                DFSDM1_FLT3_IRQHandler
                0x08005c40                USART3_IRQHandler
                0x08005c40                DMA1_Channel7_IRQHandler
                0x08005c40                CAN1_RX1_IRQHandler
                0x08005c40                LCD_IRQHandler
                0x08005c40                UART5_IRQHandler
                0x08005c40                ADC3_IRQHandler
                0x08005c40                TIM4_IRQHandler
                0x08005c40                DMA2_Channel1_IRQHandler
                0x08005c40                QUADSPI_IRQHandler
                0x08005c40                I2C1_EV_IRQHandler
                0x08005c40                DMA1_Channel6_IRQHandler
                0x08005c40                UART4_IRQHandler
                0x08005c40                DMA2_Channel4_IRQHandler
                0x08005c40                RCC_IRQHandler
                0x08005c40                DMA1_Channel1_IRQHandler
                0x08005c40                Default_Handler
                0x08005c40                DMA2_Channel7_IRQHandler
                0x08005c40                EXTI15_10_IRQHandler
                0x08005c40                TIM7_IRQHandler
                0x08005c40                SDMMC1_IRQHandler
                0x08005c40                TIM5_IRQHandler
                0x08005c40                I2C3_EV_IRQHandler
                0x08005c40                RTC_WKUP_IRQHandler
                0x08005c40                PVD_PVM_IRQHandler
                0x08005c40                SPI2_IRQHandler
                0x08005c40                CAN1_TX_IRQHandler
                0x08005c40                DMA2_Channel5_IRQHandler
                0x08005c40                DMA1_Channel5_IRQHandler
                0x08005c40                EXTI4_IRQHandler
                0x08005c40                RNG_IRQHandler
                0x08005c40                TIM1_TRG_COM_TIM17_IRQHandler
                0x08005c40                DMA1_Channel3_IRQHandler
                0x08005c40                COMP_IRQHandler
                0x08005c40                WWDG_IRQHandler
                0x08005c40                LPUART1_IRQHandler
                0x08005c40                DMA2_Channel6_IRQHandler
                0x08005c40                EXTI1_IRQHandler
                0x08005c40                USART2_IRQHandler
                0x08005c40                DFSDM1_FLT0_IRQHandler
                0x08005c40                I2C2_ER_IRQHandler
                0x08005c40                DMA1_Channel2_IRQHandler
                0x08005c40                TIM8_BRK_IRQHandler
                0x08005c40                CAN1_SCE_IRQHandler
                0x08005c40                FLASH_IRQHandler
                0x08005c40                USART1_IRQHandler
                0x08005c40                OTG_FS_IRQHandler
                0x08005c40                SPI3_IRQHandler
                0x08005c40                I2C1_ER_IRQHandler
                0x08005c40                FMC_IRQHandler
                0x08005c40                SWPMI1_IRQHandler
                0x08005c40                LPTIM1_IRQHandler
                0x08005c40                SAI1_IRQHandler
                0x08005c40                DMA2_Channel3_IRQHandler
                0x08005c40                TIM1_BRK_TIM15_IRQHandler
 *fill*         0x08005c42        0x2 
 .text.HAL_Init
                0x08005c44       0x40 ./Drivers/STM32L4xx_HAL_Driver/Src/stm32l4xx_hal.o
                0x08005c44                HAL_Init
 .text.HAL_InitTick
                0x08005c84       0x78 ./Drivers/STM32L4xx_HAL_Driver/Src/stm32l4xx_hal.o
                0x08005c84                HAL_InitTick
 .text.HAL_IncTick
                0x08005cfc       0x28 ./Drivers/STM32L4xx_HAL_Driver/Src/stm32l4xx_hal.o
                0x08005cfc                HAL_IncTick
 .text.HAL_GetTick
                0x08005d24       0x18 ./Drivers/STM32L4xx_HAL_Driver/Src/stm32l4xx_hal.o
                0x08005d24                HAL_GetTick
 .text.HAL_Delay
                0x08005d3c       0x48 ./Drivers/STM32L4xx_HAL_Driver/Src/stm32l4xx_hal.o
                0x08005d3c                HAL_Delay
 .text.__NVIC_SetPriorityGrouping
                0x08005d84       0x48 ./Drivers/STM32L4xx_HAL_Driver/Src/stm32l4xx_hal_cortex.o
 .text.__NVIC_GetPriorityGrouping
                0x08005dcc       0x1c ./Drivers/STM32L4xx_HAL_Driver/Src/stm32l4xx_hal_cortex.o
 .text.__NVIC_EnableIRQ
                0x08005de8       0x3c ./Drivers/STM32L4xx_HAL_Driver/Src/stm32l4xx_hal_cortex.o
 .text.__NVIC_DisableIRQ
                0x08005e24       0x48 ./Drivers/STM32L4xx_HAL_Driver/Src/stm32l4xx_hal_cortex.o
 .text.__NVIC_SetPriority
                0x08005e6c       0x54 ./Drivers/STM32L4xx_HAL_Driver/Src/stm32l4xx_hal_cortex.o
 .text.NVIC_EncodePriority
                0x08005ec0       0x66 ./Drivers/STM32L4xx_HAL_Driver/Src/stm32l4xx_hal_cortex.o
 *fill*         0x08005f26        0x2 
 .text.SysTick_Config
                0x08005f28       0x44 ./Drivers/STM32L4xx_HAL_Driver/Src/stm32l4xx_hal_cortex.o
 .text.HAL_NVIC_SetPriorityGrouping
                0x08005f6c       0x16 ./Drivers/STM32L4xx_HAL_Driver/Src/stm32l4xx_hal_cortex.o
                0x08005f6c                HAL_NVIC_SetPriorityGrouping
 .text.HAL_NVIC_SetPriority
                0x08005f82       0x38 ./Drivers/STM32L4xx_HAL_Driver/Src/stm32l4xx_hal_cortex.o
                0x08005f82                HAL_NVIC_SetPriority
 .text.HAL_NVIC_EnableIRQ
                0x08005fba       0x1c ./Drivers/STM32L4xx_HAL_Driver/Src/stm32l4xx_hal_cortex.o
                0x08005fba                HAL_NVIC_EnableIRQ
 .text.HAL_NVIC_DisableIRQ
                0x08005fd6       0x1c ./Drivers/STM32L4xx_HAL_Driver/Src/stm32l4xx_hal_cortex.o
                0x08005fd6                HAL_NVIC_DisableIRQ
 .text.HAL_SYSTICK_Config
                0x08005ff2       0x18 ./Drivers/STM32L4xx_HAL_Driver/Src/stm32l4xx_hal_cortex.o
                0x08005ff2                HAL_SYSTICK_Config
 *fill*         0x0800600a        0x2 
 .text.HAL_FLASH_Program
                0x0800600c       0xd8 ./Drivers/STM32L4xx_HAL_Driver/Src/stm32l4xx_hal_flash.o
                0x0800600c                HAL_FLASH_Program
 .text.HAL_FLASH_Unlock
                0x080060e4       0x44 ./Drivers/STM32L4xx_HAL_Driver/Src/stm32l4xx_hal_flash.o
                0x080060e4                HAL_FLASH_Unlock
 .text.HAL_FLASH_Lock
                0x08006128       0x20 ./Drivers/STM32L4xx_HAL_Driver/Src/stm32l4xx_hal_flash.o
                0x08006128                HAL_FLASH_Lock
 .text.FLASH_WaitForLastOperation
                0x08006148       0xac ./Drivers/STM32L4xx_HAL_Driver/Src/stm32l4xx_hal_flash.o
                0x08006148                FLASH_WaitForLastOperation
 .text.FLASH_Program_DoubleWord
                0x080061f4       0x4c ./Drivers/STM32L4xx_HAL_Driver/Src/stm32l4xx_hal_flash.o
 .text.FLASH_Program_Fast
                0x08006240       0x6c ./Drivers/STM32L4xx_HAL_Driver/Src/stm32l4xx_hal_flash.o
 .text.HAL_FLASHEx_Erase
                0x080062ac      0x138 ./Drivers/STM32L4xx_HAL_Driver/Src/stm32l4xx_hal_flash_ex.o
                0x080062ac                HAL_FLASHEx_Erase
 .text.FLASH_MassErase
                0x080063e4       0x50 ./Drivers/STM32L4xx_HAL_Driver/Src/stm32l4xx_hal_flash_ex.o
 .text.FLASH_PageErase
                0x08006434       0x6c ./Drivers/STM32L4xx_HAL_Driver/Src/stm32l4xx_hal_flash_ex.o
                0x08006434                FLASH_PageErase
 .text.FLASH_FlushCaches
                0x080064a0       0x94 ./Drivers/STM32L4xx_HAL_Driver/Src/stm32l4xx_hal_flash_ex.o
                0x080064a0                FLASH_FlushCaches
 .text.HAL_GPIO_Init
                0x08006534      0x354 ./Drivers/STM32L4xx_HAL_Driver/Src/stm32l4xx_hal_gpio.o
                0x08006534                HAL_GPIO_Init
 .text.HAL_GPIO_WritePin
                0x08006888       0x30 ./Drivers/STM32L4xx_HAL_Driver/Src/stm32l4xx_hal_gpio.o
                0x08006888                HAL_GPIO_WritePin
 .text.HAL_GPIO_EXTI_IRQHandler
                0x080068b8       0x30 ./Drivers/STM32L4xx_HAL_Driver/Src/stm32l4xx_hal_gpio.o
                0x080068b8                HAL_GPIO_EXTI_IRQHandler
 .text.HAL_I2C_Init
                0x080068e8      0x136 ./Drivers/STM32L4xx_HAL_Driver/Src/stm32l4xx_hal_i2c.o
                0x080068e8                HAL_I2C_Init
 *fill*         0x08006a1e        0x2 
 .text.HAL_I2C_Master_Transmit
                0x08006a20      0x230 ./Drivers/STM32L4xx_HAL_Driver/Src/stm32l4xx_hal_i2c.o
                0x08006a20                HAL_I2C_Master_Transmit
 .text.HAL_I2C_Master_Receive
                0x08006c50      0x1ec ./Drivers/STM32L4xx_HAL_Driver/Src/stm32l4xx_hal_i2c.o
                0x08006c50                HAL_I2C_Master_Receive
 .text.I2C_Flush_TXDR
                0x08006e3c       0x48 ./Drivers/STM32L4xx_HAL_Driver/Src/stm32l4xx_hal_i2c.o
 .text.I2C_WaitOnFlagUntilTimeout
                0x08006e84       0xb2 ./Drivers/STM32L4xx_HAL_Driver/Src/stm32l4xx_hal_i2c.o
 .text.I2C_WaitOnTXISFlagUntilTimeout
                0x08006f36       0x8e ./Drivers/STM32L4xx_HAL_Driver/Src/stm32l4xx_hal_i2c.o
 .text.I2C_WaitOnSTOPFlagUntilTimeout
                0x08006fc4       0x86 ./Drivers/STM32L4xx_HAL_Driver/Src/stm32l4xx_hal_i2c.o
 *fill*         0x0800704a        0x2 
 .text.I2C_WaitOnRXNEFlagUntilTimeout
                0x0800704c      0x118 ./Drivers/STM32L4xx_HAL_Driver/Src/stm32l4xx_hal_i2c.o
 .text.I2C_IsErrorOccurred
                0x08007164      0x1c0 ./Drivers/STM32L4xx_HAL_Driver/Src/stm32l4xx_hal_i2c.o
 .text.I2C_TransferConfig
                0x08007324       0x64 ./Drivers/STM32L4xx_HAL_Driver/Src/stm32l4xx_hal_i2c.o
 .text.HAL_I2CEx_ConfigAnalogFilter
                0x08007388       0x96 ./Drivers/STM32L4xx_HAL_Driver/Src/stm32l4xx_hal_i2c_ex.o
                0x08007388                HAL_I2CEx_ConfigAnalogFilter
 .text.HAL_I2CEx_ConfigDigitalFilter
                0x0800741e       0x98 ./Drivers/STM32L4xx_HAL_Driver/Src/stm32l4xx_hal_i2c_ex.o
                0x0800741e                HAL_I2CEx_ConfigDigitalFilter
 *fill*         0x080074b6        0x2 
 .text.HAL_PWREx_GetVoltageRange
                0x080074b8       0x1c ./Drivers/STM32L4xx_HAL_Driver/Src/stm32l4xx_hal_pwr_ex.o
                0x080074b8                HAL_PWREx_GetVoltageRange
 .text.HAL_PWREx_ControlVoltageScaling
                0x080074d4       0xac ./Drivers/STM32L4xx_HAL_Driver/Src/stm32l4xx_hal_pwr_ex.o
                0x080074d4                HAL_PWREx_ControlVoltageScaling
 .text.HAL_RCC_OscConfig
                0x08007580      0x7b8 ./Drivers/STM32L4xx_HAL_Driver/Src/stm32l4xx_hal_rcc.o
                0x08007580                HAL_RCC_OscConfig
 .text.HAL_RCC_ClockConfig
                0x08007d38      0x200 ./Drivers/STM32L4xx_HAL_Driver/Src/stm32l4xx_hal_rcc.o
                0x08007d38                HAL_RCC_ClockConfig
 .text.HAL_RCC_GetSysClockFreq
                0x08007f38      0x118 ./Drivers/STM32L4xx_HAL_Driver/Src/stm32l4xx_hal_rcc.o
                0x08007f38                HAL_RCC_GetSysClockFreq
 .text.HAL_RCC_GetHCLKFreq
                0x08008050       0x18 ./Drivers/STM32L4xx_HAL_Driver/Src/stm32l4xx_hal_rcc.o
                0x08008050                HAL_RCC_GetHCLKFreq
 .text.HAL_RCC_GetPCLK1Freq
                0x08008068       0x2c ./Drivers/STM32L4xx_HAL_Driver/Src/stm32l4xx_hal_rcc.o
                0x08008068                HAL_RCC_GetPCLK1Freq
 .text.HAL_RCC_GetPCLK2Freq
                0x08008094       0x2c ./Drivers/STM32L4xx_HAL_Driver/Src/stm32l4xx_hal_rcc.o
                0x08008094                HAL_RCC_GetPCLK2Freq
 .text.RCC_SetFlashLatencyFromMSIRange
                0x080080c0       0xc0 ./Drivers/STM32L4xx_HAL_Driver/Src/stm32l4xx_hal_rcc.o
 .text.HAL_RCCEx_PeriphCLKConfig
                0x08008180      0x5d4 ./Drivers/STM32L4xx_HAL_Driver/Src/stm32l4xx_hal_rcc_ex.o
                0x08008180                HAL_RCCEx_PeriphCLKConfig
 .text.RCCEx_PLLSAI1_Config
                0x08008754      0x1e8 ./Drivers/STM32L4xx_HAL_Driver/Src/stm32l4xx_hal_rcc_ex.o
 .text.RCCEx_PLLSAI2_Config
                0x0800893c      0x1bc ./Drivers/STM32L4xx_HAL_Driver/Src/stm32l4xx_hal_rcc_ex.o
 .text.HAL_SPI_Init
                0x08008af8      0x146 ./Drivers/STM32L4xx_HAL_Driver/Src/stm32l4xx_hal_spi.o
                0x08008af8                HAL_SPI_Init
 .text.HAL_SPI_Transmit
                0x08008c3e      0x2ec ./Drivers/STM32L4xx_HAL_Driver/Src/stm32l4xx_hal_spi.o
                0x08008c3e                HAL_SPI_Transmit
 *fill*         0x08008f2a        0x2 
 .text.SPI_WaitFlagStateUntilTimeout
                0x08008f2c      0x110 ./Drivers/STM32L4xx_HAL_Driver/Src/stm32l4xx_hal_spi.o
 .text.SPI_WaitFifoStateUntilTimeout
                0x0800903c      0x12c ./Drivers/STM32L4xx_HAL_Driver/Src/stm32l4xx_hal_spi.o
 .text.SPI_EndRxTxTransaction
                0x08009168       0x8c ./Drivers/STM32L4xx_HAL_Driver/Src/stm32l4xx_hal_spi.o
 .text.HAL_TIM_Base_Init
                0x080091f4       0xae ./Drivers/STM32L4xx_HAL_Driver/Src/stm32l4xx_hal_tim.o
                0x080091f4                HAL_TIM_Base_Init
 .text.HAL_TIM_Encoder_Init
                0x080092a2      0x14c ./Drivers/STM32L4xx_HAL_Driver/Src/stm32l4xx_hal_tim.o
                0x080092a2                HAL_TIM_Encoder_Init
 .text.HAL_TIM_Encoder_Start_IT
                0x080093ee      0x15c ./Drivers/STM32L4xx_HAL_Driver/Src/stm32l4xx_hal_tim.o
                0x080093ee                HAL_TIM_Encoder_Start_IT
 .text.HAL_TIM_IRQHandler
                0x0800954a      0x20e ./Drivers/STM32L4xx_HAL_Driver/Src/stm32l4xx_hal_tim.o
                0x0800954a                HAL_TIM_IRQHandler
 .text.HAL_TIM_PeriodElapsedCallback
                0x08009758       0x14 ./Drivers/STM32L4xx_HAL_Driver/Src/stm32l4xx_hal_tim.o
                0x08009758                HAL_TIM_PeriodElapsedCallback
 .text.HAL_TIM_OC_DelayElapsedCallback
                0x0800976c       0x14 ./Drivers/STM32L4xx_HAL_Driver/Src/stm32l4xx_hal_tim.o
                0x0800976c                HAL_TIM_OC_DelayElapsedCallback
 .text.HAL_TIM_PWM_PulseFinishedCallback
                0x08009780       0x14 ./Drivers/STM32L4xx_HAL_Driver/Src/stm32l4xx_hal_tim.o
                0x08009780                HAL_TIM_PWM_PulseFinishedCallback
 .text.HAL_TIM_TriggerCallback
                0x08009794       0x14 ./Drivers/STM32L4xx_HAL_Driver/Src/stm32l4xx_hal_tim.o
                0x08009794                HAL_TIM_TriggerCallback
 .text.TIM_Base_SetConfig
                0x080097a8      0x140 ./Drivers/STM32L4xx_HAL_Driver/Src/stm32l4xx_hal_tim.o
                0x080097a8                TIM_Base_SetConfig
 .text.TIM_CCxChannelCmd
                0x080098e8       0x4a ./Drivers/STM32L4xx_HAL_Driver/Src/stm32l4xx_hal_tim.o
                0x080098e8                TIM_CCxChannelCmd
 *fill*         0x08009932        0x2 
 .text.HAL_TIMEx_MasterConfigSynchronization
                0x08009934      0x110 ./Drivers/STM32L4xx_HAL_Driver/Src/stm32l4xx_hal_tim_ex.o
                0x08009934                HAL_TIMEx_MasterConfigSynchronization
 .text.HAL_TIMEx_CommutCallback
                0x08009a44       0x14 ./Drivers/STM32L4xx_HAL_Driver/Src/stm32l4xx_hal_tim_ex.o
                0x08009a44                HAL_TIMEx_CommutCallback
 .text.HAL_TIMEx_BreakCallback
                0x08009a58       0x14 ./Drivers/STM32L4xx_HAL_Driver/Src/stm32l4xx_hal_tim_ex.o
                0x08009a58                HAL_TIMEx_BreakCallback
 .text.HAL_TIMEx_Break2Callback
                0x08009a6c       0x14 ./Drivers/STM32L4xx_HAL_Driver/Src/stm32l4xx_hal_tim_ex.o
                0x08009a6c                HAL_TIMEx_Break2Callback
 .text.HAL_UART_Init
                0x08009a80       0x9c ./Drivers/STM32L4xx_HAL_Driver/Src/stm32l4xx_hal_uart.o
                0x08009a80                HAL_UART_Init
 .text.HAL_UART_Transmit
                0x08009b1c      0x126 ./Drivers/STM32L4xx_HAL_Driver/Src/stm32l4xx_hal_uart.o
                0x08009b1c                HAL_UART_Transmit
 *fill*         0x08009c42        0x2 
 .text.UART_SetConfig
                0x08009c44      0x570 ./Drivers/STM32L4xx_HAL_Driver/Src/stm32l4xx_hal_uart.o
                0x08009c44                UART_SetConfig
 .text.UART_AdvFeatureConfig
                0x0800a1b4      0x144 ./Drivers/STM32L4xx_HAL_Driver/Src/stm32l4xx_hal_uart.o
                0x0800a1b4                UART_AdvFeatureConfig
 .text.UART_CheckIdleState
                0x0800a2f8      0x150 ./Drivers/STM32L4xx_HAL_Driver/Src/stm32l4xx_hal_uart.o
                0x0800a2f8                UART_CheckIdleState
 .text.UART_WaitOnFlagUntilTimeout
                0x0800a448       0xda ./Drivers/STM32L4xx_HAL_Driver/Src/stm32l4xx_hal_uart.o
                0x0800a448                UART_WaitOnFlagUntilTimeout
 .text.UART_EndRxTransfer
                0x0800a522       0xc8 ./Drivers/STM32L4xx_HAL_Driver/Src/stm32l4xx_hal_uart.o
 *fill*         0x0800a5ea        0x2 
 .text.rand     0x0800a5ec       0x7c C:/ST/STM32CubeIDE_2.1.0/STM32CubeIDE/plugins/com.st.stm32cube.ide.mcu.externaltools.gnu-tools-for-stm32.14.3.rel1.win32_1.0.100.202602081740/tools/bin/../lib/gcc/arm-none-eabi/14.3.1/../../../../arm-none-eabi/lib/thumb/v7e-m+fp/hard\libc_nano.a(libc_a-rand.o)
                0x0800a5ec                rand
 .text.std      0x0800a668       0x6c C:/ST/STM32CubeIDE_2.1.0/STM32CubeIDE/plugins/com.st.stm32cube.ide.mcu.externaltools.gnu-tools-for-stm32.14.3.rel1.win32_1.0.100.202602081740/tools/bin/../lib/gcc/arm-none-eabi/14.3.1/../../../../arm-none-eabi/lib/thumb/v7e-m+fp/hard\libc_nano.a(libc_a-findfp.o)
 .text.stdio_exit_handler
                0x0800a6d4       0x18 C:/ST/STM32CubeIDE_2.1.0/STM32CubeIDE/plugins/com.st.stm32cube.ide.mcu.externaltools.gnu-tools-for-stm32.14.3.rel1.win32_1.0.100.202602081740/tools/bin/../lib/gcc/arm-none-eabi/14.3.1/../../../../arm-none-eabi/lib/thumb/v7e-m+fp/hard\libc_nano.a(libc_a-findfp.o)
 .text.cleanup_stdio
                0x0800a6ec       0x40 C:/ST/STM32CubeIDE_2.1.0/STM32CubeIDE/plugins/com.st.stm32cube.ide.mcu.externaltools.gnu-tools-for-stm32.14.3.rel1.win32_1.0.100.202602081740/tools/bin/../lib/gcc/arm-none-eabi/14.3.1/../../../../arm-none-eabi/lib/thumb/v7e-m+fp/hard\libc_nano.a(libc_a-findfp.o)
 .text.global_stdio_init.part.0
                0x0800a72c       0x40 C:/ST/STM32CubeIDE_2.1.0/STM32CubeIDE/plugins/com.st.stm32cube.ide.mcu.externaltools.gnu-tools-for-stm32.14.3.rel1.win32_1.0.100.202602081740/tools/bin/../lib/gcc/arm-none-eabi/14.3.1/../../../../arm-none-eabi/lib/thumb/v7e-m+fp/hard\libc_nano.a(libc_a-findfp.o)
 .text.__sfp_lock_acquire
                0x0800a76c        0xc C:/ST/STM32CubeIDE_2.1.0/STM32CubeIDE/plugins/com.st.stm32cube.ide.mcu.externaltools.gnu-tools-for-stm32.14.3.rel1.win32_1.0.100.202602081740/tools/bin/../lib/gcc/arm-none-eabi/14.3.1/../../../../arm-none-eabi/lib/thumb/v7e-m+fp/hard\libc_nano.a(libc_a-findfp.o)
                0x0800a76c                __sfp_lock_acquire
 .text.__sfp_lock_release
                0x0800a778        0xc C:/ST/STM32CubeIDE_2.1.0/STM32CubeIDE/plugins/com.st.stm32cube.ide.mcu.externaltools.gnu-tools-for-stm32.14.3.rel1.win32_1.0.100.202602081740/tools/bin/../lib/gcc/arm-none-eabi/14.3.1/../../../../arm-none-eabi/lib/thumb/v7e-m+fp/hard\libc_nano.a(libc_a-findfp.o)
                0x0800a778                __sfp_lock_release
 .text.__sinit  0x0800a784       0x30 C:/ST/STM32CubeIDE_2.1.0/STM32CubeIDE/plugins/com.st.stm32cube.ide.mcu.externaltools.gnu-tools-for-stm32.14.3.rel1.win32_1.0.100.202602081740/tools/bin/../lib/gcc/arm-none-eabi/14.3.1/../../../../arm-none-eabi/lib/thumb/v7e-m+fp/hard\libc_nano.a(libc_a-findfp.o)
                0x0800a784                __sinit
 .text._fwalk_sglue
                0x0800a7b4       0x3c C:/ST/STM32CubeIDE_2.1.0/STM32CubeIDE/plugins/com.st.stm32cube.ide.mcu.externaltools.gnu-tools-for-stm32.14.3.rel1.win32_1.0.100.202602081740/tools/bin/../lib/gcc/arm-none-eabi/14.3.1/../../../../arm-none-eabi/lib/thumb/v7e-m+fp/hard\libc_nano.a(libc_a-fwalk.o)
                0x0800a7b4                _fwalk_sglue
 .text.printf   0x0800a7f0       0x24 C:/ST/STM32CubeIDE_2.1.0/STM32CubeIDE/plugins/com.st.stm32cube.ide.mcu.externaltools.gnu-tools-for-stm32.14.3.rel1.win32_1.0.100.202602081740/tools/bin/../lib/gcc/arm-none-eabi/14.3.1/../../../../arm-none-eabi/lib/thumb/v7e-m+fp/hard\libc_nano.a(libc_a-printf.o)
                0x0800a7f0                iprintf
                0x0800a7f0                printf
 .text._puts_r  0x0800a814       0xaa C:/ST/STM32CubeIDE_2.1.0/STM32CubeIDE/plugins/com.st.stm32cube.ide.mcu.externaltools.gnu-tools-for-stm32.14.3.rel1.win32_1.0.100.202602081740/tools/bin/../lib/gcc/arm-none-eabi/14.3.1/../../../../arm-none-eabi/lib/thumb/v7e-m+fp/hard\libc_nano.a(libc_a-puts.o)
                0x0800a814                _puts_r
 *fill*         0x0800a8be        0x2 
 .text.puts     0x0800a8c0       0x10 C:/ST/STM32CubeIDE_2.1.0/STM32CubeIDE/plugins/com.st.stm32cube.ide.mcu.externaltools.gnu-tools-for-stm32.14.3.rel1.win32_1.0.100.202602081740/tools/bin/../lib/gcc/arm-none-eabi/14.3.1/../../../../arm-none-eabi/lib/thumb/v7e-m+fp/hard\libc_nano.a(libc_a-puts.o)
                0x0800a8c0                puts
 .text.snprintf
                0x0800a8d0       0x6c C:/ST/STM32CubeIDE_2.1.0/STM32CubeIDE/plugins/com.st.stm32cube.ide.mcu.externaltools.gnu-tools-for-stm32.14.3.rel1.win32_1.0.100.202602081740/tools/bin/../lib/gcc/arm-none-eabi/14.3.1/../../../../arm-none-eabi/lib/thumb/v7e-m+fp/hard\libc_nano.a(libc_a-snprintf.o)
                0x0800a8d0                sniprintf
                0x0800a8d0                snprintf
 .text.__sread  0x0800a93c       0x22 C:/ST/STM32CubeIDE_2.1.0/STM32CubeIDE/plugins/com.st.stm32cube.ide.mcu.externaltools.gnu-tools-for-stm32.14.3.rel1.win32_1.0.100.202602081740/tools/bin/../lib/gcc/arm-none-eabi/14.3.1/../../../../arm-none-eabi/lib/thumb/v7e-m+fp/hard\libc_nano.a(libc_a-stdio.o)
                0x0800a93c                __sread
 .text.__swrite
                0x0800a95e       0x38 C:/ST/STM32CubeIDE_2.1.0/STM32CubeIDE/plugins/com.st.stm32cube.ide.mcu.externaltools.gnu-tools-for-stm32.14.3.rel1.win32_1.0.100.202602081740/tools/bin/../lib/gcc/arm-none-eabi/14.3.1/../../../../arm-none-eabi/lib/thumb/v7e-m+fp/hard\libc_nano.a(libc_a-stdio.o)
                0x0800a95e                __swrite
 .text.__sseek  0x0800a996       0x26 C:/ST/STM32CubeIDE_2.1.0/STM32CubeIDE/plugins/com.st.stm32cube.ide.mcu.externaltools.gnu-tools-for-stm32.14.3.rel1.win32_1.0.100.202602081740/tools/bin/../lib/gcc/arm-none-eabi/14.3.1/../../../../arm-none-eabi/lib/thumb/v7e-m+fp/hard\libc_nano.a(libc_a-stdio.o)
                0x0800a996                __sseek
 .text.__sclose
                0x0800a9bc        0x8 C:/ST/STM32CubeIDE_2.1.0/STM32CubeIDE/plugins/com.st.stm32cube.ide.mcu.externaltools.gnu-tools-for-stm32.14.3.rel1.win32_1.0.100.202602081740/tools/bin/../lib/gcc/arm-none-eabi/14.3.1/../../../../arm-none-eabi/lib/thumb/v7e-m+fp/hard\libc_nano.a(libc_a-stdio.o)
                0x0800a9bc                __sclose
 .text.__swbuf_r
                0x0800a9c4       0x7c C:/ST/STM32CubeIDE_2.1.0/STM32CubeIDE/plugins/com.st.stm32cube.ide.mcu.externaltools.gnu-tools-for-stm32.14.3.rel1.win32_1.0.100.202602081740/tools/bin/../lib/gcc/arm-none-eabi/14.3.1/../../../../arm-none-eabi/lib/thumb/v7e-m+fp/hard\libc_nano.a(libc_a-wbuf.o)
                0x0800a9c4                __swbuf_r
 .text.__swsetup_r
                0x0800aa40       0xa8 C:/ST/STM32CubeIDE_2.1.0/STM32CubeIDE/plugins/com.st.stm32cube.ide.mcu.externaltools.gnu-tools-for-stm32.14.3.rel1.win32_1.0.100.202602081740/tools/bin/../lib/gcc/arm-none-eabi/14.3.1/../../../../arm-none-eabi/lib/thumb/v7e-m+fp/hard\libc_nano.a(libc_a-wsetup.o)
                0x0800aa40                __swsetup_r
 .text.memset   0x0800aae8       0x10 C:/ST/STM32CubeIDE_2.1.0/STM32CubeIDE/plugins/com.st.stm32cube.ide.mcu.externaltools.gnu-tools-for-stm32.14.3.rel1.win32_1.0.100.202602081740/tools/bin/../lib/gcc/arm-none-eabi/14.3.1/../../../../arm-none-eabi/lib/thumb/v7e-m+fp/hard\libc_nano.a(libc_a-memset.o)
                0x0800aae8                memset
 .text._close_r
                0x0800aaf8       0x20 C:/ST/STM32CubeIDE_2.1.0/STM32CubeIDE/plugins/com.st.stm32cube.ide.mcu.externaltools.gnu-tools-for-stm32.14.3.rel1.win32_1.0.100.202602081740/tools/bin/../lib/gcc/arm-none-eabi/14.3.1/../../../../arm-none-eabi/lib/thumb/v7e-m+fp/hard\libc_nano.a(libc_a-closer.o)
                0x0800aaf8                _close_r
 .text._lseek_r
                0x0800ab18       0x24 C:/ST/STM32CubeIDE_2.1.0/STM32CubeIDE/plugins/com.st.stm32cube.ide.mcu.externaltools.gnu-tools-for-stm32.14.3.rel1.win32_1.0.100.202602081740/tools/bin/../lib/gcc/arm-none-eabi/14.3.1/../../../../arm-none-eabi/lib/thumb/v7e-m+fp/hard\libc_nano.a(libc_a-lseekr.o)
                0x0800ab18                _lseek_r
 .text._read_r  0x0800ab3c       0x24 C:/ST/STM32CubeIDE_2.1.0/STM32CubeIDE/plugins/com.st.stm32cube.ide.mcu.externaltools.gnu-tools-for-stm32.14.3.rel1.win32_1.0.100.202602081740/tools/bin/../lib/gcc/arm-none-eabi/14.3.1/../../../../arm-none-eabi/lib/thumb/v7e-m+fp/hard\libc_nano.a(libc_a-readr.o)
                0x0800ab3c                _read_r
 .text._write_r
                0x0800ab60       0x24 C:/ST/STM32CubeIDE_2.1.0/STM32CubeIDE/plugins/com.st.stm32cube.ide.mcu.externaltools.gnu-tools-for-stm32.14.3.rel1.win32_1.0.100.202602081740/tools/bin/../lib/gcc/arm-none-eabi/14.3.1/../../../../arm-none-eabi/lib/thumb/v7e-m+fp/hard\libc_nano.a(libc_a-writer.o)
                0x0800ab60                _write_r
 .text.__errno  0x0800ab84        0xc C:/ST/STM32CubeIDE_2.1.0/STM32CubeIDE/plugins/com.st.stm32cube.ide.mcu.externaltools.gnu-tools-for-stm32.14.3.rel1.win32_1.0.100.202602081740/tools/bin/../lib/gcc/arm-none-eabi/14.3.1/../../../../arm-none-eabi/lib/thumb/v7e-m+fp/hard\libc_nano.a(libc_a-errno.o)
                0x0800ab84                __errno
 .text.__libc_init_array
                0x0800ab90       0x48 C:/ST/STM32CubeIDE_2.1.0/STM32CubeIDE/plugins/com.st.stm32cube.ide.mcu.externaltools.gnu-tools-for-stm32.14.3.rel1.win32_1.0.100.202602081740/tools/bin/../lib/gcc/arm-none-eabi/14.3.1/../../../../arm-none-eabi/lib/thumb/v7e-m+fp/hard\libc_nano.a(libc_a-init.o)
                0x0800ab90                __libc_init_array
 .text.__retarget_lock_init_recursive
                0x0800abd8        0x2 C:/ST/STM32CubeIDE_2.1.0/STM32CubeIDE/plugins/com.st.stm32cube.ide.mcu.externaltools.gnu-tools-for-stm32.14.3.rel1.win32_1.0.100.202602081740/tools/bin/../lib/gcc/arm-none-eabi/14.3.1/../../../../arm-none-eabi/lib/thumb/v7e-m+fp/hard\libc_nano.a(libc_a-lock.o)
                0x0800abd8                __retarget_lock_init_recursive
 .text.__retarget_lock_acquire_recursive
                0x0800abda        0x2 C:/ST/STM32CubeIDE_2.1.0/STM32CubeIDE/plugins/com.st.stm32cube.ide.mcu.externaltools.gnu-tools-for-stm32.14.3.rel1.win32_1.0.100.202602081740/tools/bin/../lib/gcc/arm-none-eabi/14.3.1/../../../../arm-none-eabi/lib/thumb/v7e-m+fp/hard\libc_nano.a(libc_a-lock.o)
                0x0800abda                __retarget_lock_acquire_recursive
 .text.__retarget_lock_release_recursive
                0x0800abdc        0x2 C:/ST/STM32CubeIDE_2.1.0/STM32CubeIDE/plugins/com.st.stm32cube.ide.mcu.externaltools.gnu-tools-for-stm32.14.3.rel1.win32_1.0.100.202602081740/tools/bin/../lib/gcc/arm-none-eabi/14.3.1/../../../../arm-none-eabi/lib/thumb/v7e-m+fp/hard\libc_nano.a(libc_a-lock.o)
                0x0800abdc                __retarget_lock_release_recursive
 .text.memcpy   0x0800abde       0x1c C:/ST/STM32CubeIDE_2.1.0/STM32CubeIDE/plugins/com.st.stm32cube.ide.mcu.externaltools.gnu-tools-for-stm32.14.3.rel1.win32_1.0.100.202602081740/tools/bin/../lib/gcc/arm-none-eabi/14.3.1/../../../../arm-none-eabi/lib/thumb/v7e-m+fp/hard\libc_nano.a(libc_a-memcpy-stub.o)
                0x0800abde                memcpy
 *fill*         0x0800abfa        0x2 
 .text.__assert_func
                0x0800abfc       0x3c C:/ST/STM32CubeIDE_2.1.0/STM32CubeIDE/plugins/com.st.stm32cube.ide.mcu.externaltools.gnu-tools-for-stm32.14.3.rel1.win32_1.0.100.202602081740/tools/bin/../lib/gcc/arm-none-eabi/14.3.1/../../../../arm-none-eabi/lib/thumb/v7e-m+fp/hard\libc_nano.a(libc_a-assert.o)
                0x0800abfc                __assert_func
 .text._free_r  0x0800ac38       0x94 C:/ST/STM32CubeIDE_2.1.0/STM32CubeIDE/plugins/com.st.stm32cube.ide.mcu.externaltools.gnu-tools-for-stm32.14.3.rel1.win32_1.0.100.202602081740/tools/bin/../lib/gcc/arm-none-eabi/14.3.1/../../../../arm-none-eabi/lib/thumb/v7e-m+fp/hard\libc_nano.a(libc_a-freer.o)
                0x0800ac38                _free_r
 .text.malloc   0x0800accc       0x10 C:/ST/STM32CubeIDE_2.1.0/STM32CubeIDE/plugins/com.st.stm32cube.ide.mcu.externaltools.gnu-tools-for-stm32.14.3.rel1.win32_1.0.100.202602081740/tools/bin/../lib/gcc/arm-none-eabi/14.3.1/../../../../arm-none-eabi/lib/thumb/v7e-m+fp/hard\libc_nano.a(libc_a-malloc.o)
                0x0800accc                malloc
 .text.sbrk_aligned
                0x0800acdc       0x44 C:/ST/STM32CubeIDE_2.1.0/STM32CubeIDE/plugins/com.st.stm32cube.ide.mcu.externaltools.gnu-tools-for-stm32.14.3.rel1.win32_1.0.100.202602081740/tools/bin/../lib/gcc/arm-none-eabi/14.3.1/../../../../arm-none-eabi/lib/thumb/v7e-m+fp/hard\libc_nano.a(libc_a-mallocr.o)
 .text._malloc_r
                0x0800ad20      0x100 C:/ST/STM32CubeIDE_2.1.0/STM32CubeIDE/plugins/com.st.stm32cube.ide.mcu.externaltools.gnu-tools-for-stm32.14.3.rel1.win32_1.0.100.202602081740/tools/bin/../lib/gcc/arm-none-eabi/14.3.1/../../../../arm-none-eabi/lib/thumb/v7e-m+fp/hard\libc_nano.a(libc_a-mallocr.o)
                0x0800ad20                _malloc_r
 .text.__malloc_lock
                0x0800ae20        0xc C:/ST/STM32CubeIDE_2.1.0/STM32CubeIDE/plugins/com.st.stm32cube.ide.mcu.externaltools.gnu-tools-for-stm32.14.3.rel1.win32_1.0.100.202602081740/tools/bin/../lib/gcc/arm-none-eabi/14.3.1/../../../../arm-none-eabi/lib/thumb/v7e-m+fp/hard\libc_nano.a(libc_a-mlock.o)
                0x0800ae20                __malloc_lock
 .text.__malloc_unlock
                0x0800ae2c        0xc C:/ST/STM32CubeIDE_2.1.0/STM32CubeIDE/plugins/com.st.stm32cube.ide.mcu.externaltools.gnu-tools-for-stm32.14.3.rel1.win32_1.0.100.202602081740/tools/bin/../lib/gcc/arm-none-eabi/14.3.1/../../../../arm-none-eabi/lib/thumb/v7e-m+fp/hard\libc_nano.a(libc_a-mlock.o)
                0x0800ae2c                __malloc_unlock
 .text.__ssputs_r
                0x0800ae38       0xc0 C:/ST/STM32CubeIDE_2.1.0/STM32CubeIDE/plugins/com.st.stm32cube.ide.mcu.externaltools.gnu-tools-for-stm32.14.3.rel1.win32_1.0.100.202602081740/tools/bin/../lib/gcc/arm-none-eabi/14.3.1/../../../../arm-none-eabi/lib/thumb/v7e-m+fp/hard\libc_nano.a(libc_a-nano-svfprintf.o)
                0x0800ae38                __ssputs_r
 .text._svfprintf_r
                0x0800aef8      0x1f0 C:/ST/STM32CubeIDE_2.1.0/STM32CubeIDE/plugins/com.st.stm32cube.ide.mcu.externaltools.gnu-tools-for-stm32.14.3.rel1.win32_1.0.100.202602081740/tools/bin/../lib/gcc/arm-none-eabi/14.3.1/../../../../arm-none-eabi/lib/thumb/v7e-m+fp/hard\libc_nano.a(libc_a-nano-svfprintf.o)
                0x0800aef8                _svfiprintf_r
                0x0800aef8                _svfprintf_r
 .text.__sfputc_r
                0x0800b0e8       0x2e C:/ST/STM32CubeIDE_2.1.0/STM32CubeIDE/plugins/com.st.stm32cube.ide.mcu.externaltools.gnu-tools-for-stm32.14.3.rel1.win32_1.0.100.202602081740/tools/bin/../lib/gcc/arm-none-eabi/14.3.1/../../../../arm-none-eabi/lib/thumb/v7e-m+fp/hard\libc_nano.a(libc_a-nano-vfprintf.o)
 .text.__sfputs_r
                0x0800b116       0x24 C:/ST/STM32CubeIDE_2.1.0/STM32CubeIDE/plugins/com.st.stm32cube.ide.mcu.externaltools.gnu-tools-for-stm32.14.3.rel1.win32_1.0.100.202602081740/tools/bin/../lib/gcc/arm-none-eabi/14.3.1/../../../../arm-none-eabi/lib/thumb/v7e-m+fp/hard\libc_nano.a(libc_a-nano-vfprintf.o)
                0x0800b116                __sfputs_r
 *fill*         0x0800b13a        0x2 
 .text._vfprintf_r
                0x0800b13c      0x228 C:/ST/STM32CubeIDE_2.1.0/STM32CubeIDE/plugins/com.st.stm32cube.ide.mcu.externaltools.gnu-tools-for-stm32.14.3.rel1.win32_1.0.100.202602081740/tools/bin/../lib/gcc/arm-none-eabi/14.3.1/../../../../arm-none-eabi/lib/thumb/v7e-m+fp/hard\libc_nano.a(libc_a-nano-vfprintf.o)
                0x0800b13c                _vfprintf_r
                0x0800b13c                _vfiprintf_r
 .text._printf_common
                0x0800b364       0xda C:/ST/STM32CubeIDE_2.1.0/STM32CubeIDE/plugins/com.st.stm32cube.ide.mcu.externaltools.gnu-tools-for-stm32.14.3.rel1.win32_1.0.100.202602081740/tools/bin/../lib/gcc/arm-none-eabi/14.3.1/../../../../arm-none-eabi/lib/thumb/v7e-m+fp/hard\libc_nano.a(libc_a-nano-vfprintf_i.o)
                0x0800b364                _printf_common
 *fill*         0x0800b43e        0x2 
 .text._printf_i
                0x0800b440      0x24c C:/ST/STM32CubeIDE_2.1.0/STM32CubeIDE/plugins/com.st.stm32cube.ide.mcu.externaltools.gnu-tools-for-stm32.14.3.rel1.win32_1.0.100.202602081740/tools/bin/../lib/gcc/arm-none-eabi/14.3.1/../../../../arm-none-eabi/lib/thumb/v7e-m+fp/hard\libc_nano.a(libc_a-nano-vfprintf_i.o)
                0x0800b440                _printf_i
 .text.__sflush_r
                0x0800b68c      0x104 C:/ST/STM32CubeIDE_2.1.0/STM32CubeIDE/plugins/com.st.stm32cube.ide.mcu.externaltools.gnu-tools-for-stm32.14.3.rel1.win32_1.0.100.202602081740/tools/bin/../lib/gcc/arm-none-eabi/14.3.1/../../../../arm-none-eabi/lib/thumb/v7e-m+fp/hard\libc_nano.a(libc_a-fflush.o)
                0x0800b68c                __sflush_r
 .text._fflush_r
                0x0800b790       0x50 C:/ST/STM32CubeIDE_2.1.0/STM32CubeIDE/plugins/com.st.stm32cube.ide.mcu.externaltools.gnu-tools-for-stm32.14.3.rel1.win32_1.0.100.202602081740/tools/bin/../lib/gcc/arm-none-eabi/14.3.1/../../../../arm-none-eabi/lib/thumb/v7e-m+fp/hard\libc_nano.a(libc_a-fflush.o)
                0x0800b790                _fflush_r
 .text.fprintf  0x0800b7e0       0x24 C:/ST/STM32CubeIDE_2.1.0/STM32CubeIDE/plugins/com.st.stm32cube.ide.mcu.externaltools.gnu-tools-for-stm32.14.3.rel1.win32_1.0.100.202602081740/tools/bin/../lib/gcc/arm-none-eabi/14.3.1/../../../../arm-none-eabi/lib/thumb/v7e-m+fp/hard\libc_nano.a(libc_a-fprintf.o)
                0x0800b7e0                fiprintf
                0x0800b7e0                fprintf
 .text.__swhatbuf_r
                0x0800b804       0x48 C:/ST/STM32CubeIDE_2.1.0/STM32CubeIDE/plugins/com.st.stm32cube.ide.mcu.externaltools.gnu-tools-for-stm32.14.3.rel1.win32_1.0.100.202602081740/tools/bin/../lib/gcc/arm-none-eabi/14.3.1/../../../../arm-none-eabi/lib/thumb/v7e-m+fp/hard\libc_nano.a(libc_a-makebuf.o)
                0x0800b804                __swhatbuf_r
 .text.__smakebuf_r
                0x0800b84c       0x72 C:/ST/STM32CubeIDE_2.1.0/STM32CubeIDE/plugins/com.st.stm32cube.ide.mcu.externaltools.gnu-tools-for-stm32.14.3.rel1.win32_1.0.100.202602081740/tools/bin/../lib/gcc/arm-none-eabi/14.3.1/../../../../arm-none-eabi/lib/thumb/v7e-m+fp/hard\libc_nano.a(libc_a-makebuf.o)
                0x0800b84c                __smakebuf_r
 .text.memmove  0x0800b8be       0x32 C:/ST/STM32CubeIDE_2.1.0/STM32CubeIDE/plugins/com.st.stm32cube.ide.mcu.externaltools.gnu-tools-for-stm32.14.3.rel1.win32_1.0.100.202602081740/tools/bin/../lib/gcc/arm-none-eabi/14.3.1/../../../../arm-none-eabi/lib/thumb/v7e-m+fp/hard\libc_nano.a(libc_a-memmove.o)
                0x0800b8be                memmove
 .text._fstat_r
                0x0800b8f0       0x24 C:/ST/STM32CubeIDE_2.1.0/STM32CubeIDE/plugins/com.st.stm32cube.ide.mcu.externaltools.gnu-tools-for-stm32.14.3.rel1.win32_1.0.100.202602081740/tools/bin/../lib/gcc/arm-none-eabi/14.3.1/../../../../arm-none-eabi/lib/thumb/v7e-m+fp/hard\libc_nano.a(libc_a-fstatr.o)
                0x0800b8f0                _fstat_r
 .text._isatty_r
                0x0800b914       0x20 C:/ST/STM32CubeIDE_2.1.0/STM32CubeIDE/plugins/com.st.stm32cube.ide.mcu.externaltools.gnu-tools-for-stm32.14.3.rel1.win32_1.0.100.202602081740/tools/bin/../lib/gcc/arm-none-eabi/14.3.1/../../../../arm-none-eabi/lib/thumb/v7e-m+fp/hard\libc_nano.a(libc_a-isattyr.o)
                0x0800b914                _isatty_r
 .text._sbrk_r  0x0800b934       0x20 C:/ST/STM32CubeIDE_2.1.0/STM32CubeIDE/plugins/com.st.stm32cube.ide.mcu.externaltools.gnu-tools-for-stm32.14.3.rel1.win32_1.0.100.202602081740/tools/bin/../lib/gcc/arm-none-eabi/14.3.1/../../../../arm-none-eabi/lib/thumb/v7e-m+fp/hard\libc_nano.a(libc_a-sbrkr.o)
                0x0800b934                _sbrk_r
 .text.abort    0x0800b954        0xe C:/ST/STM32CubeIDE_2.1.0/STM32CubeIDE/plugins/com.st.stm32cube.ide.mcu.externaltools.gnu-tools-for-stm32.14.3.rel1.win32_1.0.100.202602081740/tools/bin/../lib/gcc/arm-none-eabi/14.3.1/../../../../arm-none-eabi/lib/thumb/v7e-m+fp/hard\libc_nano.a(libc_a-abort.o)
                0x0800b954                abort
 .text._realloc_r
                0x0800b962       0x5c C:/ST/STM32CubeIDE_2.1.0/STM32CubeIDE/plugins/com.st.stm32cube.ide.mcu.externaltools.gnu-tools-for-stm32.14.3.rel1.win32_1.0.100.202602081740/tools/bin/../lib/gcc/arm-none-eabi/14.3.1/../../../../arm-none-eabi/lib/thumb/v7e-m+fp/hard\libc_nano.a(libc_a-reallocr.o)
                0x0800b962                _realloc_r
 .text._raise_r
                0x0800b9be       0x50 C:/ST/STM32CubeIDE_2.1.0/STM32CubeIDE/plugins/com.st.stm32cube.ide.mcu.externaltools.gnu-tools-for-stm32.14.3.rel1.win32_1.0.100.202602081740/tools/bin/../lib/gcc/arm-none-eabi/14.3.1/../../../../arm-none-eabi/lib/thumb/v7e-m+fp/hard\libc_nano.a(libc_a-signal.o)
                0x0800b9be                _raise_r
 *fill*         0x0800ba0e        0x2 
 .text.raise    0x0800ba10       0x10 C:/ST/STM32CubeIDE_2.1.0/STM32CubeIDE/plugins/com.st.stm32cube.ide.mcu.externaltools.gnu-tools-for-stm32.14.3.rel1.win32_1.0.100.202602081740/tools/bin/../lib/gcc/arm-none-eabi/14.3.1/../../../../arm-none-eabi/lib/thumb/v7e-m+fp/hard\libc_nano.a(libc_a-signal.o)
                0x0800ba10                raise
 .text._kill_r  0x0800ba20       0x24 C:/ST/STM32CubeIDE_2.1.0/STM32CubeIDE/plugins/com.st.stm32cube.ide.mcu.externaltools.gnu-tools-for-stm32.14.3.rel1.win32_1.0.100.202602081740/tools/bin/../lib/gcc/arm-none-eabi/14.3.1/../../../../arm-none-eabi/lib/thumb/v7e-m+fp/hard\libc_nano.a(libc_a-signalr.o)
                0x0800ba20                _kill_r
 .text._getpid_r
                0x0800ba44        0x4 C:/ST/STM32CubeIDE_2.1.0/STM32CubeIDE/plugins/com.st.stm32cube.ide.mcu.externaltools.gnu-tools-for-stm32.14.3.rel1.win32_1.0.100.202602081740/tools/bin/../lib/gcc/arm-none-eabi/14.3.1/../../../../arm-none-eabi/lib/thumb/v7e-m+fp/hard\libc_nano.a(libc_a-signalr.o)
                0x0800ba44                _getpid_r
 .text._malloc_usable_size_r
                0x0800ba48       0x10 C:/ST/STM32CubeIDE_2.1.0/STM32CubeIDE/plugins/com.st.stm32cube.ide.mcu.externaltools.gnu-tools-for-stm32.14.3.rel1.win32_1.0.100.202602081740/tools/bin/../lib/gcc/arm-none-eabi/14.3.1/../../../../arm-none-eabi/lib/thumb/v7e-m+fp/hard\libc_nano.a(libc_a-msizer.o)
                0x0800ba48                _malloc_usable_size_r
 *(.glue_7)
 .glue_7        0x0800ba58        0x0 linker stubs
 *(.glue_7t)
 .glue_7t       0x0800ba58        0x0 linker stubs
 *(.eh_frame)
 .eh_frame      0x0800ba58        0x0 C:/ST/STM32CubeIDE_2.1.0/STM32CubeIDE/plugins/com.st.stm32cube.ide.mcu.externaltools.gnu-tools-for-stm32.14.3.rel1.win32_1.0.100.202602081740/tools/bin/../lib/gcc/arm-none-eabi/14.3.1/thumb/v7e-m+fp/hard/crtbegin.o
 *(.init)
 .init          0x0800ba58        0x4 C:/ST/STM32CubeIDE_2.1.0/STM32CubeIDE/plugins/com.st.stm32cube.ide.mcu.externaltools.gnu-tools-for-stm32.14.3.rel1.win32_1.0.100.202602081740/tools/bin/../lib/gcc/arm-none-eabi/14.3.1/thumb/v7e-m+fp/hard/crti.o
                0x0800ba58                _init
 .init          0x0800ba5c        0x8 C:/ST/STM32CubeIDE_2.1.0/STM32CubeIDE/plugins/com.st.stm32cube.ide.mcu.externaltools.gnu-tools-for-stm32.14.3.rel1.win32_1.0.100.202602081740/tools/bin/../lib/gcc/arm-none-eabi/14.3.1/thumb/v7e-m+fp/hard/crtn.o
 *(.fini)
 .fini          0x0800ba64        0x4 C:/ST/STM32CubeIDE_2.1.0/STM32CubeIDE/plugins/com.st.stm32cube.ide.mcu.externaltools.gnu-tools-for-stm32.14.3.rel1.win32_1.0.100.202602081740/tools/bin/../lib/gcc/arm-none-eabi/14.3.1/thumb/v7e-m+fp/hard/crti.o
                0x0800ba64                _fini
 .fini          0x0800ba68        0x8 C:/ST/STM32CubeIDE_2.1.0/STM32CubeIDE/plugins/com.st.stm32cube.ide.mcu.externaltools.gnu-tools-for-stm32.14.3.rel1.win32_1.0.100.202602081740/tools/bin/../lib/gcc/arm-none-eabi/14.3.1/thumb/v7e-m+fp/hard/crtn.o
                0x0800ba70                        . = ALIGN (0x4)
                0x0800ba70                        _etext = .

.vfp11_veneer   0x0800ba70        0x0
 .vfp11_veneer  0x0800ba70        0x0 linker stubs

.v4_bx          0x0800ba70        0x0
 .v4_bx         0x0800ba70        0x0 linker stubs

.iplt           0x0800ba70        0x0
 .iplt          0x0800ba70        0x0 C:/ST/STM32CubeIDE_2.1.0/STM32CubeIDE/plugins/com.st.stm32cube.ide.mcu.externaltools.gnu-tools-for-stm32.14.3.rel1.win32_1.0.100.202602081740/tools/bin/../lib/gcc/arm-none-eabi/14.3.1/thumb/v7e-m+fp/hard/crtbegin.o

.rodata         0x0800ba70      0x7a8
                0x0800ba70                        . = ALIGN (0x4)
 *(.rodata)
 .rodata        0x0800ba70       0xd1 ./Core/Src/main.o
 *fill*         0x0800bb41        0x3 
 .rodata        0x0800bb44      0x3a2 ./Core/Src/ui.o
 *(.rodata*)
 *fill*         0x0800bee6        0x2 
 .rodata.CS_PORT
                0x0800bee8        0x8 ./Core/Src/MAX7219.o
 .rodata.CS_PIN
                0x0800bef0        0x4 ./Core/Src/MAX7219.o
 .rodata._font5x7
                0x0800bef4      0x1db ./Core/Src/SSD1306.o
 *fill*         0x0800c0cf        0x1 
 .rodata.gate_map
                0x0800c0d0       0x1e ./Core/Src/sequencer.o
 *fill*         0x0800c0ee        0x2 
 .rodata.AHBPrescTable
                0x0800c0f0       0x10 ./Core/Src/system_stm32l4xx.o
                0x0800c0f0                AHBPrescTable
 .rodata.APBPrescTable
                0x0800c100        0x8 ./Core/Src/system_stm32l4xx.o
                0x0800c100                APBPrescTable
 .rodata.MSIRangeTable
                0x0800c108       0x30 ./Core/Src/system_stm32l4xx.o
                0x0800c108                MSIRangeTable
 .rodata.srand.str1.1
                0x0800c138       0xde C:/ST/STM32CubeIDE_2.1.0/STM32CubeIDE/plugins/com.st.stm32cube.ide.mcu.externaltools.gnu-tools-for-stm32.14.3.rel1.win32_1.0.100.202602081740/tools/bin/../lib/gcc/arm-none-eabi/14.3.1/../../../../arm-none-eabi/lib/thumb/v7e-m+fp/hard\libc_nano.a(libc_a-rand.o)
                                 0x6f (size before relaxing)
 .rodata.__assert_func.str1.1
                0x0800c216       0x3d C:/ST/STM32CubeIDE_2.1.0/STM32CubeIDE/plugins/com.st.stm32cube.ide.mcu.externaltools.gnu-tools-for-stm32.14.3.rel1.win32_1.0.100.202602081740/tools/bin/../lib/gcc/arm-none-eabi/14.3.1/../../../../arm-none-eabi/lib/thumb/v7e-m+fp/hard\libc_nano.a(libc_a-assert.o)
 .rodata._svfprintf_r.str1.1
                0x0800c216       0x11 C:/ST/STM32CubeIDE_2.1.0/STM32CubeIDE/plugins/com.st.stm32cube.ide.mcu.externaltools.gnu-tools-for-stm32.14.3.rel1.win32_1.0.100.202602081740/tools/bin/../lib/gcc/arm-none-eabi/14.3.1/../../../../arm-none-eabi/lib/thumb/v7e-m+fp/hard\libc_nano.a(libc_a-nano-svfprintf.o)
 .rodata._vfprintf_r.str1.1
                0x0800c216       0x11 C:/ST/STM32CubeIDE_2.1.0/STM32CubeIDE/plugins/com.st.stm32cube.ide.mcu.externaltools.gnu-tools-for-stm32.14.3.rel1.win32_1.0.100.202602081740/tools/bin/../lib/gcc/arm-none-eabi/14.3.1/../../../../arm-none-eabi/lib/thumb/v7e-m+fp/hard\libc_nano.a(libc_a-nano-vfprintf.o)
 .rodata._printf_i.str1.1
                0x0800c216       0x22 C:/ST/STM32CubeIDE_2.1.0/STM32CubeIDE/plugins/com.st.stm32cube.ide.mcu.externaltools.gnu-tools-for-stm32.14.3.rel1.win32_1.0.100.202602081740/tools/bin/../lib/gcc/arm-none-eabi/14.3.1/../../../../arm-none-eabi/lib/thumb/v7e-m+fp/hard\libc_nano.a(libc_a-nano-vfprintf_i.o)
                0x0800c254                        . = ALIGN (0x4)
 *fill*         0x0800c216        0x2 

.ARM.extab      0x0800c218        0x0
                0x0800c218                        . = ALIGN (0x4)
 *(.ARM.extab* .gnu.linkonce.armextab.*)
                0x0800c218                        . = ALIGN (0x4)

.ARM            0x0800c218        0x8
                0x0800c218                        . = ALIGN (0x4)
                0x0800c218                        __exidx_start = .
 *(.ARM.exidx*)
 .ARM.exidx     0x0800c218        0x8 C:/ST/STM32CubeIDE_2.1.0/STM32CubeIDE/plugins/com.st.stm32cube.ide.mcu.externaltools.gnu-tools-for-stm32.14.3.rel1.win32_1.0.100.202602081740/tools/bin/../lib/gcc/arm-none-eabi/14.3.1/../../../../arm-none-eabi/lib/thumb/v7e-m+fp/hard\libc_nano.a(libc_a-memchr.o)
 .ARM.exidx     0x0800c220        0x0 C:/ST/STM32CubeIDE_2.1.0/STM32CubeIDE/plugins/com.st.stm32cube.ide.mcu.externaltools.gnu-tools-for-stm32.14.3.rel1.win32_1.0.100.202602081740/tools/bin/../lib/gcc/arm-none-eabi/14.3.1/thumb/v7e-m+fp/hard\libgcc.a(_udivmoddi4.o)
                                  0x8 (size before relaxing)
                0x0800c220                        __exidx_end = .
                0x0800c220                        . = ALIGN (0x4)

.preinit_array  0x0800c220        0x0
                0x0800c220                        . = ALIGN (0x4)
                0x0800c220                        PROVIDE (__preinit_array_start = .)
 *(.preinit_array*)
                0x0800c220                        PROVIDE (__preinit_array_end = .)
                0x0800c220                        . = ALIGN (0x4)

.init_array     0x0800c220        0x4
                0x0800c220                        . = ALIGN (0x4)
                0x0800c220                        PROVIDE (__init_array_start = .)
 *(SORT_BY_NAME(.init_array.*))
 *(.init_array*)
 .init_array    0x0800c220        0x4 C:/ST/STM32CubeIDE_2.1.0/STM32CubeIDE/plugins/com.st.stm32cube.ide.mcu.externaltools.gnu-tools-for-stm32.14.3.rel1.win32_1.0.100.202602081740/tools/bin/../lib/gcc/arm-none-eabi/14.3.1/thumb/v7e-m+fp/hard/crtbegin.o
                0x0800c224                        PROVIDE (__init_array_end = .)
                0x0800c224                        . = ALIGN (0x4)

.fini_array     0x0800c224        0x4
                0x0800c224                        . = ALIGN (0x4)
                [!provide]                        PROVIDE (__fini_array_start = .)
 *(SORT_BY_NAME(.fini_array.*))
 *(.fini_array*)
 .fini_array    0x0800c224        0x4 C:/ST/STM32CubeIDE_2.1.0/STM32CubeIDE/plugins/com.st.stm32cube.ide.mcu.externaltools.gnu-tools-for-stm32.14.3.rel1.win32_1.0.100.202602081740/tools/bin/../lib/gcc/arm-none-eabi/14.3.1/thumb/v7e-m+fp/hard/crtbegin.o
                [!provide]                        PROVIDE (__fini_array_end = .)
                0x0800c228                        . = ALIGN (0x4)
                0x0800c228                        _sidata = LOADADDR (.data)

.rel.dyn        0x0800c228        0x0
 .rel.iplt      0x0800c228        0x0 C:/ST/STM32CubeIDE_2.1.0/STM32CubeIDE/plugins/com.st.stm32cube.ide.mcu.externaltools.gnu-tools-for-stm32.14.3.rel1.win32_1.0.100.202602081740/tools/bin/../lib/gcc/arm-none-eabi/14.3.1/thumb/v7e-m+fp/hard/crtbegin.o

.data           0x20000000       0x88 load address 0x0800c228
                0x20000000                        . = ALIGN (0x4)
                0x20000000                        _sdata = .
 *(.data)
 *(.data*)
 .data.SystemCoreClock
                0x20000000        0x4 ./Core/Src/system_stm32l4xx.o
                0x20000000                SystemCoreClock
 .data.uwTickPrio
                0x20000004        0x4 ./Drivers/STM32L4xx_HAL_Driver/Src/stm32l4xx_hal.o
                0x20000004                uwTickPrio
 .data.uwTickFreq
                0x20000008        0x1 ./Drivers/STM32L4xx_HAL_Driver/Src/stm32l4xx_hal.o
                0x20000008                uwTickFreq
 *fill*         0x20000009        0x3 
 .data.pFlash   0x2000000c       0x20 ./Drivers/STM32L4xx_HAL_Driver/Src/stm32l4xx_hal_flash.o
                0x2000000c                pFlash
 .data.__sglue  0x2000002c        0xc C:/ST/STM32CubeIDE_2.1.0/STM32CubeIDE/plugins/com.st.stm32cube.ide.mcu.externaltools.gnu-tools-for-stm32.14.3.rel1.win32_1.0.100.202602081740/tools/bin/../lib/gcc/arm-none-eabi/14.3.1/../../../../arm-none-eabi/lib/thumb/v7e-m+fp/hard\libc_nano.a(libc_a-findfp.o)
                0x2000002c                __sglue
 .data._impure_ptr
                0x20000038        0x4 C:/ST/STM32CubeIDE_2.1.0/STM32CubeIDE/plugins/com.st.stm32cube.ide.mcu.externaltools.gnu-tools-for-stm32.14.3.rel1.win32_1.0.100.202602081740/tools/bin/../lib/gcc/arm-none-eabi/14.3.1/../../../../arm-none-eabi/lib/thumb/v7e-m+fp/hard\libc_nano.a(libc_a-impure.o)
                0x20000038                _impure_ptr
 .data._impure_data
                0x2000003c       0x4c C:/ST/STM32CubeIDE_2.1.0/STM32CubeIDE/plugins/com.st.stm32cube.ide.mcu.externaltools.gnu-tools-for-stm32.14.3.rel1.win32_1.0.100.202602081740/tools/bin/../lib/gcc/arm-none-eabi/14.3.1/../../../../arm-none-eabi/lib/thumb/v7e-m+fp/hard\libc_nano.a(libc_a-impure.o)
                0x2000003c                _impure_data
 *(.RamFunc)
 *(.RamFunc*)
                0x20000088                        . = ALIGN (0x4)
                0x20000088                        _edata = .

.igot.plt       0x20000088        0x0 load address 0x0800c2b0
 .igot.plt      0x20000088        0x0 C:/ST/STM32CubeIDE_2.1.0/STM32CubeIDE/plugins/com.st.stm32cube.ide.mcu.externaltools.gnu-tools-for-stm32.14.3.rel1.win32_1.0.100.202602081740/tools/bin/../lib/gcc/arm-none-eabi/14.3.1/thumb/v7e-m+fp/hard/crtbegin.o
                0x20000088                        . = ALIGN (0x4)

.bss            0x20000088     0x2374 load address 0x0800c2b0
                0x20000088                        _sbss = .
                0x20000088                        __bss_start__ = _sbss
 *(.bss)
 .bss           0x20000088       0x1c C:/ST/STM32CubeIDE_2.1.0/STM32CubeIDE/plugins/com.st.stm32cube.ide.mcu.externaltools.gnu-tools-for-stm32.14.3.rel1.win32_1.0.100.202602081740/tools/bin/../lib/gcc/arm-none-eabi/14.3.1/thumb/v7e-m+fp/hard/crtbegin.o
 *(.bss*)
 .bss.hc595_spi
                0x200000a4        0x4 ./Core/Src/74HC595.o
 .bss.shadowBuf
                0x200000a8        0x3 ./Core/Src/74HC595.o
 *fill*         0x200000ab        0x1 
 .bss._encoders
                0x200000ac       0x30 ./Core/Src/Encoder.o
 .bss._encoder_count
                0x200000dc        0x1 ./Core/Src/Encoder.o
 *fill*         0x200000dd        0x3 
 .bss.frameBuffer
                0x200000e0       0x40 ./Core/Src/MAX7219.o
                0x200000e0                frameBuffer
 .bss._hi2c     0x20000120        0x4 ./Core/Src/SSD1306.o
 .bss._buf      0x20000124      0x400 ./Core/Src/SSD1306.o
 .bss.hi2c1     0x20000524       0x54 ./Core/Src/main.o
                0x20000524                hi2c1
 .bss.hspi1     0x20000578       0x64 ./Core/Src/main.o
                0x20000578                hspi1
 .bss.hspi2     0x200005dc       0x64 ./Core/Src/main.o
                0x200005dc                hspi2
 .bss.htim1     0x20000640       0x4c ./Core/Src/main.o
                0x20000640                htim1
 .bss.htim2     0x2000068c       0x4c ./Core/Src/main.o
                0x2000068c                htim2
 .bss.htim3     0x200006d8       0x4c ./Core/Src/main.o
                0x200006d8                htim3
 .bss.htim6     0x20000724       0x4c ./Core/Src/main.o
                0x20000724                htim6
 .bss.huart2    0x20000770       0x88 ./Core/Src/main.o
                0x20000770                huart2
 .bss.clock_tick
                0x200007f8        0x1 ./Core/Src/main.o
                0x200007f8                clock_tick
 *fill*         0x200007f9        0x3 
 .bss.ui_ctx    0x200007fc       0x6c ./Core/Src/main.o
                0x200007fc                ui_ctx
 .bss.encA      0x20000868        0x4 ./Core/Src/main.o
                0x20000868                encA
 .bss.encB      0x2000086c        0x4 ./Core/Src/main.o
                0x2000086c                encB
 .bss.encC      0x20000870        0x4 ./Core/Src/main.o
                0x20000870                encC
 .bss.last_cnt_A
                0x20000874        0x2 ./Core/Src/main.o
 .bss.last_cnt_B
                0x20000876        0x2 ./Core/Src/main.o
 .bss.last_cnt_C
                0x20000878        0x2 ./Core/Src/main.o
 *fill*         0x2000087a        0x2 
 .bss.seq       0x2000087c     0x1948 ./Core/Src/main.o
                0x2000087c                seq
 .bss.mcp       0x200021c4       0x50 ./Core/Src/main.o
                0x200021c4                mcp
 .bss.last_ui_update_ms.0
                0x20002214        0x4 ./Core/Src/main.o
 .bss.__sbrk_heap_end
                0x20002218        0x4 ./Core/Src/sysmem.o
 .bss._queue    0x2000221c       0x80 ./Core/Src/ui.o
 .bss._head     0x2000229c        0x1 ./Core/Src/ui.o
 .bss._tail     0x2000229d        0x1 ./Core/Src/ui.o
 *fill*         0x2000229e        0x2 
 .bss.last_tap_ms.2
                0x200022a0        0x4 ./Core/Src/ui.o
 .bss.tap_count.1
                0x200022a4        0x1 ./Core/Src/ui.o
 *fill*         0x200022a5        0x3 
 .bss.tap_period.0
                0x200022a8        0x4 ./Core/Src/ui.o
 .bss.uwTick    0x200022ac        0x4 ./Drivers/STM32L4xx_HAL_Driver/Src/stm32l4xx_hal.o
                0x200022ac                uwTick
 .bss.__sf      0x200022b0      0x138 C:/ST/STM32CubeIDE_2.1.0/STM32CubeIDE/plugins/com.st.stm32cube.ide.mcu.externaltools.gnu-tools-for-stm32.14.3.rel1.win32_1.0.100.202602081740/tools/bin/../lib/gcc/arm-none-eabi/14.3.1/../../../../arm-none-eabi/lib/thumb/v7e-m+fp/hard\libc_nano.a(libc_a-findfp.o)
                0x200022b0                __sf
 .bss.__stdio_exit_handler
                0x200023e8        0x4 C:/ST/STM32CubeIDE_2.1.0/STM32CubeIDE/plugins/com.st.stm32cube.ide.mcu.externaltools.gnu-tools-for-stm32.14.3.rel1.win32_1.0.100.202602081740/tools/bin/../lib/gcc/arm-none-eabi/14.3.1/../../../../arm-none-eabi/lib/thumb/v7e-m+fp/hard\libc_nano.a(libc_a-findfp.o)
                0x200023e8                __stdio_exit_handler
 .bss.errno     0x200023ec        0x4 C:/ST/STM32CubeIDE_2.1.0/STM32CubeIDE/plugins/com.st.stm32cube.ide.mcu.externaltools.gnu-tools-for-stm32.14.3.rel1.win32_1.0.100.202602081740/tools/bin/../lib/gcc/arm-none-eabi/14.3.1/../../../../arm-none-eabi/lib/thumb/v7e-m+fp/hard\libc_nano.a(libc_a-reent.o)
                0x200023ec                errno
 .bss.__lock___malloc_recursive_mutex
                0x200023f0        0x1 C:/ST/STM32CubeIDE_2.1.0/STM32CubeIDE/plugins/com.st.stm32cube.ide.mcu.externaltools.gnu-tools-for-stm32.14.3.rel1.win32_1.0.100.202602081740/tools/bin/../lib/gcc/arm-none-eabi/14.3.1/../../../../arm-none-eabi/lib/thumb/v7e-m+fp/hard\libc_nano.a(libc_a-lock.o)
                0x200023f0                __lock___malloc_recursive_mutex
 .bss.__lock___sfp_recursive_mutex
                0x200023f1        0x1 C:/ST/STM32CubeIDE_2.1.0/STM32CubeIDE/plugins/com.st.stm32cube.ide.mcu.externaltools.gnu-tools-for-stm32.14.3.rel1.win32_1.0.100.202602081740/tools/bin/../lib/gcc/arm-none-eabi/14.3.1/../../../../arm-none-eabi/lib/thumb/v7e-m+fp/hard\libc_nano.a(libc_a-lock.o)
                0x200023f1                __lock___sfp_recursive_mutex
 *fill*         0x200023f2        0x2 
 .bss.__malloc_sbrk_start
                0x200023f4        0x4 C:/ST/STM32CubeIDE_2.1.0/STM32CubeIDE/plugins/com.st.stm32cube.ide.mcu.externaltools.gnu-tools-for-stm32.14.3.rel1.win32_1.0.100.202602081740/tools/bin/../lib/gcc/arm-none-eabi/14.3.1/../../../../arm-none-eabi/lib/thumb/v7e-m+fp/hard\libc_nano.a(libc_a-mallocr.o)
                0x200023f4                __malloc_sbrk_start
 .bss.__malloc_free_list
                0x200023f8        0x4 C:/ST/STM32CubeIDE_2.1.0/STM32CubeIDE/plugins/com.st.stm32cube.ide.mcu.externaltools.gnu-tools-for-stm32.14.3.rel1.win32_1.0.100.202602081740/tools/bin/../lib/gcc/arm-none-eabi/14.3.1/../../../../arm-none-eabi/lib/thumb/v7e-m+fp/hard\libc_nano.a(libc_a-mallocr.o)
                0x200023f8                __malloc_free_list
 *(COMMON)
                0x200023fc                        . = ALIGN (0x4)
                0x200023fc                        _ebss = .
                0x200023fc                        __bss_end__ = _ebss

._user_heap_stack
                0x200023fc      0x604 load address 0x0800c2b0
                0x20002400                        . = ALIGN (0x8)
 *fill*         0x200023fc        0x4 
                [!provide]                        PROVIDE (end = .)
                0x20002400                        PROVIDE (_end = .)
                0x20002600                        . = (. + _Min_Heap_Size)
 *fill*         0x20002400      0x200 
                0x20002a00                        . = (. + _Min_Stack_Size)
 *fill*         0x20002600      0x400 
                0x20002a00                        . = ALIGN (0x8)

/DISCARD/
 libc.a(*)
 libm.a(*)
 libgcc.a(*)

.ARM.attributes
                0x00000000       0x30
 *(.ARM.attributes)
 .ARM.attributes
                0x00000000       0x22 C:/ST/STM32CubeIDE_2.1.0/STM32CubeIDE/plugins/com.st.stm32cube.ide.mcu.externaltools.gnu-tools-for-stm32.14.3.rel1.win32_1.0.100.202602081740/tools/bin/../lib/gcc/arm-none-eabi/14.3.1/thumb/v7e-m+fp/hard/crti.o
 .ARM.attributes
                0x00000022       0x34 C:/ST/STM32CubeIDE_2.1.0/STM32CubeIDE/plugins/com.st.stm32cube.ide.mcu.externaltools.gnu-tools-for-stm32.14.3.rel1.win32_1.0.100.202602081740/tools/bin/../lib/gcc/arm-none-eabi/14.3.1/thumb/v7e-m+fp/hard/crtbegin.o
 .ARM.attributes
                0x00000056       0x34 ./Core/Src/74HC595.o
 .ARM.attributes
                0x0000008a       0x34 ./Core/Src/Encoder.o
 .ARM.attributes
                0x000000be       0x34 ./Core/Src/MAX7219.o
 .ARM.attributes
                0x000000f2       0x34 ./Core/Src/MCP23017.o
 .ARM.attributes
                0x00000126       0x34 ./Core/Src/SSD1306.o
 .ARM.attributes
                0x0000015a       0x34 ./Core/Src/flash.o
 .ARM.attributes
                0x0000018e       0x34 ./Core/Src/main.o
 .ARM.attributes
                0x000001c2       0x34 ./Core/Src/sequencer.o
 .ARM.attributes
                0x000001f6       0x34 ./Core/Src/stm32l4xx_hal_msp.o
 .ARM.attributes
                0x0000022a       0x34 ./Core/Src/stm32l4xx_it.o
 .ARM.attributes
                0x0000025e       0x34 ./Core/Src/syscalls.o
 .ARM.attributes
                0x00000292       0x34 ./Core/Src/sysmem.o
 .ARM.attributes
                0x000002c6       0x34 ./Core/Src/system_stm32l4xx.o
 .ARM.attributes
                0x000002fa       0x34 ./Core/Src/ui.o
 .ARM.attributes
                0x0000032e       0x21 ./Core/Startup/startup_stm32l476rgtx.o
 .ARM.attributes
                0x0000034f       0x34 ./Drivers/STM32L4xx_HAL_Driver/Src/stm32l4xx_hal.o
 .ARM.attributes
                0x00000383       0x34 ./Drivers/STM32L4xx_HAL_Driver/Src/stm32l4xx_hal_cortex.o
 .ARM.attributes
                0x000003b7       0x34 ./Drivers/STM32L4xx_HAL_Driver/Src/stm32l4xx_hal_flash.o
 .ARM.attributes
                0x000003eb       0x34 ./Drivers/STM32L4xx_HAL_Driver/Src/stm32l4xx_hal_flash_ex.o
 .ARM.attributes
                0x0000041f       0x34 ./Drivers/STM32L4xx_HAL_Driver/Src/stm32l4xx_hal_gpio.o
 .ARM.attributes
                0x00000453       0x34 ./Drivers/STM32L4xx_HAL_Driver/Src/stm32l4xx_hal_i2c.o
 .ARM.attributes
                0x00000487       0x34 ./Drivers/STM32L4xx_HAL_Driver/Src/stm32l4xx_hal_i2c_ex.o
 .ARM.attributes
                0x000004bb       0x34 ./Drivers/STM32L4xx_HAL_Driver/Src/stm32l4xx_hal_pwr_ex.o
 .ARM.attributes
                0x000004ef       0x34 ./Drivers/STM32L4xx_HAL_Driver/Src/stm32l4xx_hal_rcc.o
 .ARM.attributes
                0x00000523       0x34 ./Drivers/STM32L4xx_HAL_Driver/Src/stm32l4xx_hal_rcc_ex.o
 .ARM.attributes
                0x00000557       0x34 ./Drivers/STM32L4xx_HAL_Driver/Src/stm32l4xx_hal_spi.o
 .ARM.attributes
                0x0000058b       0x34 ./Drivers/STM32L4xx_HAL_Driver/Src/stm32l4xx_hal_tim.o
 .ARM.attributes
                0x000005bf       0x34 ./Drivers/STM32L4xx_HAL_Driver/Src/stm32l4xx_hal_tim_ex.o
 .ARM.attributes
                0x000005f3       0x34 ./Drivers/STM32L4xx_HAL_Driver/Src/stm32l4xx_hal_uart.o
 .ARM.attributes
                0x00000627       0x34 C:/ST/STM32CubeIDE_2.1.0/STM32CubeIDE/plugins/com.st.stm32cube.ide.mcu.externaltools.gnu-tools-for-stm32.14.3.rel1.win32_1.0.100.202602081740/tools/bin/../lib/gcc/arm-none-eabi/14.3.1/../../../../arm-none-eabi/lib/thumb/v7e-m+fp/hard\libc_nano.a(libc_a-rand.o)
 .ARM.attributes
                0x0000065b       0x34 C:/ST/STM32CubeIDE_2.1.0/STM32CubeIDE/plugins/com.st.stm32cube.ide.mcu.externaltools.gnu-tools-for-stm32.14.3.rel1.win32_1.0.100.202602081740/tools/bin/../lib/gcc/arm-none-eabi/14.3.1/../../../../arm-none-eabi/lib/thumb/v7e-m+fp/hard\libc_nano.a(libc_a-findfp.o)
 .ARM.attributes
                0x0000068f       0x34 C:/ST/STM32CubeIDE_2.1.0/STM32CubeIDE/plugins/com.st.stm32cube.ide.mcu.externaltools.gnu-tools-for-stm32.14.3.rel1.win32_1.0.100.202602081740/tools/bin/../lib/gcc/arm-none-eabi/14.3.1/../../../../arm-none-eabi/lib/thumb/v7e-m+fp/hard\libc_nano.a(libc_a-fwalk.o)
 .ARM.attributes
                0x000006c3       0x34 C:/ST/STM32CubeIDE_2.1.0/STM32CubeIDE/plugins/com.st.stm32cube.ide.mcu.externaltools.gnu-tools-for-stm32.14.3.rel1.win32_1.0.100.202602081740/tools/bin/../lib/gcc/arm-none-eabi/14.3.1/../../../../arm-none-eabi/lib/thumb/v7e-m+fp/hard\libc_nano.a(libc_a-printf.o)
 .ARM.attributes
                0x000006f7       0x34 C:/ST/STM32CubeIDE_2.1.0/STM32CubeIDE/plugins/com.st.stm32cube.ide.mcu.externaltools.gnu-tools-for-stm32.14.3.rel1.win32_1.0.100.202602081740/tools/bin/../lib/gcc/arm-none-eabi/14.3.1/../../../../arm-none-eabi/lib/thumb/v7e-m+fp/hard\libc_nano.a(libc_a-puts.o)
 .ARM.attributes
                0x0000072b       0x34 C:/ST/STM32CubeIDE_2.1.0/STM32CubeIDE/plugins/com.st.stm32cube.ide.mcu.externaltools.gnu-tools-for-stm32.14.3.rel1.win32_1.0.100.202602081740/tools/bin/../lib/gcc/arm-none-eabi/14.3.1/../../../../arm-none-eabi/lib/thumb/v7e-m+fp/hard\libc_nano.a(libc_a-snprintf.o)
 .ARM.attributes
                0x0000075f       0x34 C:/ST/STM32CubeIDE_2.1.0/STM32CubeIDE/plugins/com.st.stm32cube.ide.mcu.externaltools.gnu-tools-for-stm32.14.3.rel1.win32_1.0.100.202602081740/tools/bin/../lib/gcc/arm-none-eabi/14.3.1/../../../../arm-none-eabi/lib/thumb/v7e-m+fp/hard\libc_nano.a(libc_a-stdio.o)
 .ARM.attributes
                0x00000793       0x34 C:/ST/STM32CubeIDE_2.1.0/STM32CubeIDE/plugins/com.st.stm32cube.ide.mcu.externaltools.gnu-tools-for-stm32.14.3.rel1.win32_1.0.100.202602081740/tools/bin/../lib/gcc/arm-none-eabi/14.3.1/../../../../arm-none-eabi/lib/thumb/v7e-m+fp/hard\libc_nano.a(libc_a-wbuf.o)
 .ARM.attributes
                0x000007c7       0x34 C:/ST/STM32CubeIDE_2.1.0/STM32CubeIDE/plugins/com.st.stm32cube.ide.mcu.externaltools.gnu-tools-for-stm32.14.3.rel1.win32_1.0.100.202602081740/tools/bin/../lib/gcc/arm-none-eabi/14.3.1/../../../../arm-none-eabi/lib/thumb/v7e-m+fp/hard\libc_nano.a(libc_a-wsetup.o)
 .ARM.attributes
                0x000007fb       0x34 C:/ST/STM32CubeIDE_2.1.0/STM32CubeIDE/plugins/com.st.stm32cube.ide.mcu.externaltools.gnu-tools-for-stm32.14.3.rel1.win32_1.0.100.202602081740/tools/bin/../lib/gcc/arm-none-eabi/14.3.1/../../../../arm-none-eabi/lib/thumb/v7e-m+fp/hard\libc_nano.a(libc_a-memset.o)
 .ARM.attributes
                0x0000082f       0x34 C:/ST/STM32CubeIDE_2.1.0/STM32CubeIDE/plugins/com.st.stm32cube.ide.mcu.externaltools.gnu-tools-for-stm32.14.3.rel1.win32_1.0.100.202602081740/tools/bin/../lib/gcc/arm-none-eabi/14.3.1/../../../../arm-none-eabi/lib/thumb/v7e-m+fp/hard\libc_nano.a(libc_a-closer.o)
 .ARM.attributes
                0x00000863       0x34 C:/ST/STM32CubeIDE_2.1.0/STM32CubeIDE/plugins/com.st.stm32cube.ide.mcu.externaltools.gnu-tools-for-stm32.14.3.rel1.win32_1.0.100.202602081740/tools/bin/../lib/gcc/arm-none-eabi/14.3.1/../../../../arm-none-eabi/lib/thumb/v7e-m+fp/hard\libc_nano.a(libc_a-reent.o)
 .ARM.attributes
                0x00000897       0x34 C:/ST/STM32CubeIDE_2.1.0/STM32CubeIDE/plugins/com.st.stm32cube.ide.mcu.externaltools.gnu-tools-for-stm32.14.3.rel1.win32_1.0.100.202602081740/tools/bin/../lib/gcc/arm-none-eabi/14.3.1/../../../../arm-none-eabi/lib/thumb/v7e-m+fp/hard\libc_nano.a(libc_a-impure.o)
 .ARM.attributes
                0x000008cb       0x34 C:/ST/STM32CubeIDE_2.1.0/STM32CubeIDE/plugins/com.st.stm32cube.ide.mcu.externaltools.gnu-tools-for-stm32.14.3.rel1.win32_1.0.100.202602081740/tools/bin/../lib/gcc/arm-none-eabi/14.3.1/../../../../arm-none-eabi/lib/thumb/v7e-m+fp/hard\libc_nano.a(libc_a-lseekr.o)
 .ARM.attributes
                0x000008ff       0x34 C:/ST/STM32CubeIDE_2.1.0/STM32CubeIDE/plugins/com.st.stm32cube.ide.mcu.externaltools.gnu-tools-for-stm32.14.3.rel1.win32_1.0.100.202602081740/tools/bin/../lib/gcc/arm-none-eabi/14.3.1/../../../../arm-none-eabi/lib/thumb/v7e-m+fp/hard\libc_nano.a(libc_a-readr.o)
 .ARM.attributes
                0x00000933       0x34 C:/ST/STM32CubeIDE_2.1.0/STM32CubeIDE/plugins/com.st.stm32cube.ide.mcu.externaltools.gnu-tools-for-stm32.14.3.rel1.win32_1.0.100.202602081740/tools/bin/../lib/gcc/arm-none-eabi/14.3.1/../../../../arm-none-eabi/lib/thumb/v7e-m+fp/hard\libc_nano.a(libc_a-writer.o)
 .ARM.attributes
                0x00000967       0x34 C:/ST/STM32CubeIDE_2.1.0/STM32CubeIDE/plugins/com.st.stm32cube.ide.mcu.externaltools.gnu-tools-for-stm32.14.3.rel1.win32_1.0.100.202602081740/tools/bin/../lib/gcc/arm-none-eabi/14.3.1/../../../../arm-none-eabi/lib/thumb/v7e-m+fp/hard\libc_nano.a(libc_a-errno.o)
 .ARM.attributes
                0x0000099b       0x34 C:/ST/STM32CubeIDE_2.1.0/STM32CubeIDE/plugins/com.st.stm32cube.ide.mcu.externaltools.gnu-tools-for-stm32.14.3.rel1.win32_1.0.100.202602081740/tools/bin/../lib/gcc/arm-none-eabi/14.3.1/../../../../arm-none-eabi/lib/thumb/v7e-m+fp/hard\libc_nano.a(libc_a-init.o)
 .ARM.attributes